RAM Allocation [bytes]
Variable                                                                          Address   Size
------------------------------------------------------------------------------------------------
x                                                                                 0x0160       1

EEPROM Allocation [bytes]
Variable                                                                          Address   Size
------------------------------------------------------------------------------------------------

Register Allocation
Variable                                                                          Register  Size
------------------------------------------------------------------------------------------------
TimerValue                                                                        R5           1
StepState                                                                         R4           1
DirState                                                                          R7           1
SpeedState                                                                        R6           1

FLASH Allocation [words]
Function                                                                          Address   Size
------------------------------------------------------------------------------------------------
timer0_ovf_isr                                                                    0x00064     34
Step                                                                              0x00086     32
main                                                                              0x000A6     78
