RAM Allocation [bytes]
Variable                                                                          Address   Size
------------------------------------------------------------------------------------------------
glcd_state                                                                        0x016F      29
rx_data                                                                           0x018C       8
tx_buffer                                                                         0x0194       8
gfx_addr                                                                          0x019C       2
gfx_buffer                                                                        0x019E     504
_seed                                                                             0x0396       4

EEPROM Allocation [bytes]
Variable                                                                          Address   Size
------------------------------------------------------------------------------------------------

Register Allocation
Variable                                                                          Register  Size
------------------------------------------------------------------------------------------------
FRT                                                                               R5           1
FOD                                                                               R4           1
rx_count                                                                          R7           1
tx_rd_index                                                                       R6           1
tx_counter                                                                        R9           1
tx_wr_index                                                                       R8           1

FLASH Allocation [words]
Function                                                                          Address   Size
------------------------------------------------------------------------------------------------
LCD_Out                                                                           0x002A6     19
USART_Transmit                                                                    0x002B9     26
UART_send_st                                                                      0x002D3     13
usart_rx_isr                                                                      0x002E0     32
usart_tx_isr                                                                      0x00300     23
main                                                                              0x00317     96
pcd8544_delay_G100                                                                0x00377      1
pcd8544_wrbus_G100                                                                0x00378     22
pcd8544_wrcmd                                                                     0x0038E      5
pcd8544_wrdata_G100                                                               0x00393      5
pcd8544_setaddr_G100                                                              0x00398     17
pcd8544_gotoxy                                                                    0x003A9     11
pcd8544_rdbyte                                                                    0x003B4     12
pcd8544_wrbyte                                                                    0x003C0      6
glcd_init                                                                         0x003C6    103
glcd_display                                                                      0x0042D     10
glcd_clear                                                                        0x00437     27
pcd8544_wrmasked_G100                                                             0x00452     55
glcd_block                                                                        0x00489    411
glcd_clipx                                                                        0x00624     17
glcd_clipy                                                                        0x00635     15
glcd_getcharw_G101                                                                0x00644     94
glcd_new_line_G101                                                                0x006A2     15
glcd_putchar                                                                      0x006B1     82
glcd_outtextf                                                                     0x00703     17
glcd_moveto                                                                       0x00714     12
memset                                                                            0x00720     15
glcd_getmask                                                                      0x0072F     10
glcd_mappixcolor1bit                                                              0x00739     39
glcd_readmem                                                                      0x00760     26
glcd_writemem                                                                     0x0077A     29
