RAM Allocation [bytes]
Variable                                                                          Address   Size
------------------------------------------------------------------------------------------------
glcd_state                                                                        0x0160      29
gga_data                                                                          0x017D      90
tx_buffer                                                                         0x01D7       8
gfx_addr                                                                          0x01DF       2
gfx_buffer                                                                        0x01E1     504
_seed                                                                             0x03D9       4

EEPROM Allocation [bytes]
Variable                                                                          Address   Size
------------------------------------------------------------------------------------------------

Register Allocation
Variable                                                                          Register  Size
------------------------------------------------------------------------------------------------
gga_count                                                                         R5           1
rx_buffer_overflow                                                                R2.0      1bit
tx_rd_index                                                                       R4           1
tx_counter                                                                        R7           1

FLASH Allocation [words]
Function                                                                          Address   Size
------------------------------------------------------------------------------------------------
search_gga_field                                                                  0x002BA     22
write_gps_data                                                                    0x002D0    160
check_crc                                                                         0x00370      2
usart_rx_isr                                                                      0x00372     56
usart_tx_isr                                                                      0x003AA     23
main                                                                              0x003C1     66
pcd8544_delay_G100                                                                0x00403      1
pcd8544_wrbus_G100                                                                0x00404     22
pcd8544_wrcmd                                                                     0x0041A      5
pcd8544_wrdata_G100                                                               0x0041F      5
pcd8544_setaddr_G100                                                              0x00424     17
pcd8544_gotoxy                                                                    0x00435     11
pcd8544_rdbyte                                                                    0x00440     12
pcd8544_wrbyte                                                                    0x0044C      6
glcd_init                                                                         0x00452    103
glcd_display                                                                      0x004B9     10
glcd_clear                                                                        0x004C3     25
pcd8544_wrmasked_G100                                                             0x004DC     55
glcd_block                                                                        0x00513    411
glcd_clipx                                                                        0x006AE     15
glcd_clipy                                                                        0x006BD     13
glcd_getcharw_G101                                                                0x006CA     94
glcd_new_line_G101                                                                0x00728     15
glcd_putchar                                                                      0x00737     87
glcd_outtextxyf                                                                   0x0078E     13
glcd_outtextf                                                                     0x0079B      9
glcd_moveto                                                                       0x007A4     12
memset                                                                            0x007B0     15
glcd_getmask                                                                      0x007BF     10
glcd_mappixcolor1bit                                                              0x007C9     39
glcd_readmem                                                                      0x007F0     26
glcd_writemem                                                                     0x0080A     29
