
AVRASM ver. 2.1.30  D:\Projects AVR\Flash\Debug\List\Flash.asm Tue Jan 19 21:18:03 2016

D:\Projects AVR\Flash\Debug\List\Flash.asm(1086): warning: Register r5 already defined by the .DEF directive
D:\Projects AVR\Flash\Debug\List\Flash.asm(1087): warning: Register r4 already defined by the .DEF directive
D:\Projects AVR\Flash\Debug\List\Flash.asm(1088): warning: Register r7 already defined by the .DEF directive
D:\Projects AVR\Flash\Debug\List\Flash.asm(1089): warning: Register r6 already defined by the .DEF directive
D:\Projects AVR\Flash\Debug\List\Flash.asm(1090): warning: Register r9 already defined by the .DEF directive
D:\Projects AVR\Flash\Debug\List\Flash.asm(1091): warning: Register r8 already defined by the .DEF directive
D:\Projects AVR\Flash\Debug\List\Flash.asm(1092): warning: Register r11 already defined by the .DEF directive
D:\Projects AVR\Flash\Debug\List\Flash.asm(1093): warning: Register r10 already defined by the .DEF directive
D:\Projects AVR\Flash\Debug\List\Flash.asm(1094): warning: Register r13 already defined by the .DEF directive
D:\Projects AVR\Flash\Debug\List\Flash.asm(1095): warning: Register r12 already defined by the .DEF directive
                 
                 
                 ;CodeVisionAVR C Compiler V3.12 Advanced
                 ;(C) Copyright 1998-2014 Pavel Haiduc, HP InfoTech s.r.l.
                 ;http://www.hpinfotech.com
                 
                 ;Build configuration    : Debug
                 ;Chip type              : ATmega8
                 ;Program type           : Application
                 ;Clock frequency        : 8,000000 MHz
                 ;Memory model           : Small
                 ;Optimize for           : Size
                 ;(s)printf features     : int, width
                 ;(s)scanf features      : int, width
                 ;External RAM size      : 0
                 ;Data Stack size        : 256 byte(s)
                 ;Heap size              : 0 byte(s)
                 ;Promote 'char' to 'int': Yes
                 ;'char' is unsigned     : Yes
                 ;8 bit enums            : Yes
                 ;Global 'const' stored in FLASH: Yes
                 ;Enhanced function parameter passing: Yes
                 ;Enhanced core instructions: On
                 ;Automatic register allocation for global variables: On
                 ;Smart register allocation: On
                 
                 	#define _MODEL_SMALL_
                 
                 	#pragma AVRPART ADMIN PART_NAME ATmega8
                 	#pragma AVRPART MEMORY PROG_FLASH 8192
                 	#pragma AVRPART MEMORY EEPROM 512
                 	#pragma AVRPART MEMORY INT_SRAM SIZE 1024
                 	#pragma AVRPART MEMORY INT_SRAM START_ADDR 0x60
                 
                 	.LISTMAC
                 	.EQU UDRE=0x5
                 	.EQU RXC=0x7
                 	.EQU USR=0xB
                 	.EQU UDR=0xC
                 	.EQU SPSR=0xE
                 	.EQU SPDR=0xF
                 	.EQU EERE=0x0
                 	.EQU EEWE=0x1
                 	.EQU EEMWE=0x2
                 	.EQU EECR=0x1C
                 	.EQU EEDR=0x1D
                 	.EQU EEARL=0x1E
                 	.EQU EEARH=0x1F
                 	.EQU WDTCR=0x21
                 	.EQU MCUCR=0x35
                 	.EQU GICR=0x3B
                 	.EQU SPL=0x3D
                 	.EQU SPH=0x3E
                 	.EQU SREG=0x3F
                 
                 	.DEF R0X0=R0
                 	.DEF R0X1=R1
                 	.DEF R0X2=R2
                 	.DEF R0X3=R3
                 	.DEF R0X4=R4
                 	.DEF R0X5=R5
                 	.DEF R0X6=R6
                 	.DEF R0X7=R7
                 	.DEF R0X8=R8
                 	.DEF R0X9=R9
                 	.DEF R0XA=R10
                 	.DEF R0XB=R11
                 	.DEF R0XC=R12
                 	.DEF R0XD=R13
                 	.DEF R0XE=R14
                 	.DEF R0XF=R15
                 	.DEF R0X10=R16
                 	.DEF R0X11=R17
                 	.DEF R0X12=R18
                 	.DEF R0X13=R19
                 	.DEF R0X14=R20
                 	.DEF R0X15=R21
                 	.DEF R0X16=R22
                 	.DEF R0X17=R23
                 	.DEF R0X18=R24
                 	.DEF R0X19=R25
                 	.DEF R0X1A=R26
                 	.DEF R0X1B=R27
                 	.DEF R0X1C=R28
                 	.DEF R0X1D=R29
                 	.DEF R0X1E=R30
                 	.DEF R0X1F=R31
                 
                 	.EQU __SRAM_START=0x0060
                 	.EQU __SRAM_END=0x045F
                 	.EQU __DSTACK_SIZE=0x0100
                 	.EQU __HEAP_SIZE=0x0000
                 	.EQU __CLEAR_SRAM_SIZE=__SRAM_END-__SRAM_START+1
                 
                 	.MACRO __CPD1N
                 	CPI  R30,LOW(@0)
                 	LDI  R26,HIGH(@0)
                 	CPC  R31,R26
                 	LDI  R26,BYTE3(@0)
                 	CPC  R22,R26
                 	LDI  R26,BYTE4(@0)
                 	CPC  R23,R26
                 	.ENDM
                 
                 	.MACRO __CPD2N
                 	CPI  R26,LOW(@0)
                 	LDI  R30,HIGH(@0)
                 	CPC  R27,R30
                 	LDI  R30,BYTE3(@0)
                 	CPC  R24,R30
                 	LDI  R30,BYTE4(@0)
                 	CPC  R25,R30
                 	.ENDM
                 
                 	.MACRO __CPWRR
                 	CP   R@0,R@2
                 	CPC  R@1,R@3
                 	.ENDM
                 
                 	.MACRO __CPWRN
                 	CPI  R@0,LOW(@2)
                 	LDI  R30,HIGH(@2)
                 	CPC  R@1,R30
                 	.ENDM
                 
                 	.MACRO __ADDB1MN
                 	SUBI R30,LOW(-@0-(@1))
                 	.ENDM
                 
                 	.MACRO __ADDB2MN
                 	SUBI R26,LOW(-@0-(@1))
                 	.ENDM
                 
                 	.MACRO __ADDW1MN
                 	SUBI R30,LOW(-@0-(@1))
                 	SBCI R31,HIGH(-@0-(@1))
                 	.ENDM
                 
                 	.MACRO __ADDW2MN
                 	SUBI R26,LOW(-@0-(@1))
                 	SBCI R27,HIGH(-@0-(@1))
                 	.ENDM
                 
                 	.MACRO __ADDW1FN
                 	SUBI R30,LOW(-2*@0-(@1))
                 	SBCI R31,HIGH(-2*@0-(@1))
                 	.ENDM
                 
                 	.MACRO __ADDD1FN
                 	SUBI R30,LOW(-2*@0-(@1))
                 	SBCI R31,HIGH(-2*@0-(@1))
                 	SBCI R22,BYTE3(-2*@0-(@1))
                 	.ENDM
                 
                 	.MACRO __ADDD1N
                 	SUBI R30,LOW(-@0)
                 	SBCI R31,HIGH(-@0)
                 	SBCI R22,BYTE3(-@0)
                 	SBCI R23,BYTE4(-@0)
                 	.ENDM
                 
                 	.MACRO __ADDD2N
                 	SUBI R26,LOW(-@0)
                 	SBCI R27,HIGH(-@0)
                 	SBCI R24,BYTE3(-@0)
                 	SBCI R25,BYTE4(-@0)
                 	.ENDM
                 
                 	.MACRO __SUBD1N
                 	SUBI R30,LOW(@0)
                 	SBCI R31,HIGH(@0)
                 	SBCI R22,BYTE3(@0)
                 	SBCI R23,BYTE4(@0)
                 	.ENDM
                 
                 	.MACRO __SUBD2N
                 	SUBI R26,LOW(@0)
                 	SBCI R27,HIGH(@0)
                 	SBCI R24,BYTE3(@0)
                 	SBCI R25,BYTE4(@0)
                 	.ENDM
                 
                 	.MACRO __ANDBMNN
                 	LDS  R30,@0+(@1)
                 	ANDI R30,LOW(@2)
                 	STS  @0+(@1),R30
                 	.ENDM
                 
                 	.MACRO __ANDWMNN
                 	LDS  R30,@0+(@1)
                 	ANDI R30,LOW(@2)
                 	STS  @0+(@1),R30
                 	LDS  R30,@0+(@1)+1
                 	ANDI R30,HIGH(@2)
                 	STS  @0+(@1)+1,R30
                 	.ENDM
                 
                 	.MACRO __ANDD1N
                 	ANDI R30,LOW(@0)
                 	ANDI R31,HIGH(@0)
                 	ANDI R22,BYTE3(@0)
                 	ANDI R23,BYTE4(@0)
                 	.ENDM
                 
                 	.MACRO __ANDD2N
                 	ANDI R26,LOW(@0)
                 	ANDI R27,HIGH(@0)
                 	ANDI R24,BYTE3(@0)
                 	ANDI R25,BYTE4(@0)
                 	.ENDM
                 
                 	.MACRO __ORBMNN
                 	LDS  R30,@0+(@1)
                 	ORI  R30,LOW(@2)
                 	STS  @0+(@1),R30
                 	.ENDM
                 
                 	.MACRO __ORWMNN
                 	LDS  R30,@0+(@1)
                 	ORI  R30,LOW(@2)
                 	STS  @0+(@1),R30
                 	LDS  R30,@0+(@1)+1
                 	ORI  R30,HIGH(@2)
                 	STS  @0+(@1)+1,R30
                 	.ENDM
                 
                 	.MACRO __ORD1N
                 	ORI  R30,LOW(@0)
                 	ORI  R31,HIGH(@0)
                 	ORI  R22,BYTE3(@0)
                 	ORI  R23,BYTE4(@0)
                 	.ENDM
                 
                 	.MACRO __ORD2N
                 	ORI  R26,LOW(@0)
                 	ORI  R27,HIGH(@0)
                 	ORI  R24,BYTE3(@0)
                 	ORI  R25,BYTE4(@0)
                 	.ENDM
                 
                 	.MACRO __DELAY_USB
                 	LDI  R24,LOW(@0)
                 __DELAY_USB_LOOP:
                 	DEC  R24
                 	BRNE __DELAY_USB_LOOP
                 	.ENDM
                 
                 	.MACRO __DELAY_USW
                 	LDI  R24,LOW(@0)
                 	LDI  R25,HIGH(@0)
                 __DELAY_USW_LOOP:
                 	SBIW R24,1
                 	BRNE __DELAY_USW_LOOP
                 	.ENDM
                 
                 	.MACRO __GETD1S
                 	LDD  R30,Y+@0
                 	LDD  R31,Y+@0+1
                 	LDD  R22,Y+@0+2
                 	LDD  R23,Y+@0+3
                 	.ENDM
                 
                 	.MACRO __GETD2S
                 	LDD  R26,Y+@0
                 	LDD  R27,Y+@0+1
                 	LDD  R24,Y+@0+2
                 	LDD  R25,Y+@0+3
                 	.ENDM
                 
                 	.MACRO __PUTD1S
                 	STD  Y+@0,R30
                 	STD  Y+@0+1,R31
                 	STD  Y+@0+2,R22
                 	STD  Y+@0+3,R23
                 	.ENDM
                 
                 	.MACRO __PUTD2S
                 	STD  Y+@0,R26
                 	STD  Y+@0+1,R27
                 	STD  Y+@0+2,R24
                 	STD  Y+@0+3,R25
                 	.ENDM
                 
                 	.MACRO __PUTDZ2
                 	STD  Z+@0,R26
                 	STD  Z+@0+1,R27
                 	STD  Z+@0+2,R24
                 	STD  Z+@0+3,R25
                 	.ENDM
                 
                 	.MACRO __CLRD1S
                 	STD  Y+@0,R30
                 	STD  Y+@0+1,R30
                 	STD  Y+@0+2,R30
                 	STD  Y+@0+3,R30
                 	.ENDM
                 
                 	.MACRO __POINTB1MN
                 	LDI  R30,LOW(@0+(@1))
                 	.ENDM
                 
                 	.MACRO __POINTW1MN
                 	LDI  R30,LOW(@0+(@1))
                 	LDI  R31,HIGH(@0+(@1))
                 	.ENDM
                 
                 	.MACRO __POINTD1M
                 	LDI  R30,LOW(@0)
                 	LDI  R31,HIGH(@0)
                 	LDI  R22,BYTE3(@0)
                 	LDI  R23,BYTE4(@0)
                 	.ENDM
                 
                 	.MACRO __POINTW1FN
                 	LDI  R30,LOW(2*@0+(@1))
                 	LDI  R31,HIGH(2*@0+(@1))
                 	.ENDM
                 
                 	.MACRO __POINTD1FN
                 	LDI  R30,LOW(2*@0+(@1))
                 	LDI  R31,HIGH(2*@0+(@1))
                 	LDI  R22,BYTE3(2*@0+(@1))
                 	LDI  R23,BYTE4(2*@0+(@1))
                 	.ENDM
                 
                 	.MACRO __POINTB2MN
                 	LDI  R26,LOW(@0+(@1))
                 	.ENDM
                 
                 	.MACRO __POINTW2MN
                 	LDI  R26,LOW(@0+(@1))
                 	LDI  R27,HIGH(@0+(@1))
                 	.ENDM
                 
                 	.MACRO __POINTW2FN
                 	LDI  R26,LOW(2*@0+(@1))
                 	LDI  R27,HIGH(2*@0+(@1))
                 	.ENDM
                 
                 	.MACRO __POINTD2FN
                 	LDI  R26,LOW(2*@0+(@1))
                 	LDI  R27,HIGH(2*@0+(@1))
                 	LDI  R24,BYTE3(2*@0+(@1))
                 	LDI  R25,BYTE4(2*@0+(@1))
                 	.ENDM
                 
                 	.MACRO __POINTBRM
                 	LDI  R@0,LOW(@1)
                 	.ENDM
                 
                 	.MACRO __POINTWRM
                 	LDI  R@0,LOW(@2)
                 	LDI  R@1,HIGH(@2)
                 	.ENDM
                 
                 	.MACRO __POINTBRMN
                 	LDI  R@0,LOW(@1+(@2))
                 	.ENDM
                 
                 	.MACRO __POINTWRMN
                 	LDI  R@0,LOW(@2+(@3))
                 	LDI  R@1,HIGH(@2+(@3))
                 	.ENDM
                 
                 	.MACRO __POINTWRFN
                 	LDI  R@0,LOW(@2*2+(@3))
                 	LDI  R@1,HIGH(@2*2+(@3))
                 	.ENDM
                 
                 	.MACRO __GETD1N
                 	LDI  R30,LOW(@0)
                 	LDI  R31,HIGH(@0)
                 	LDI  R22,BYTE3(@0)
                 	LDI  R23,BYTE4(@0)
                 	.ENDM
                 
                 	.MACRO __GETD2N
                 	LDI  R26,LOW(@0)
                 	LDI  R27,HIGH(@0)
                 	LDI  R24,BYTE3(@0)
                 	LDI  R25,BYTE4(@0)
                 	.ENDM
                 
                 	.MACRO __GETB1MN
                 	LDS  R30,@0+(@1)
                 	.ENDM
                 
                 	.MACRO __GETB1HMN
                 	LDS  R31,@0+(@1)
                 	.ENDM
                 
                 	.MACRO __GETW1MN
                 	LDS  R30,@0+(@1)
                 	LDS  R31,@0+(@1)+1
                 	.ENDM
                 
                 	.MACRO __GETD1MN
                 	LDS  R30,@0+(@1)
                 	LDS  R31,@0+(@1)+1
                 	LDS  R22,@0+(@1)+2
                 	LDS  R23,@0+(@1)+3
                 	.ENDM
                 
                 	.MACRO __GETBRMN
                 	LDS  R@0,@1+(@2)
                 	.ENDM
                 
                 	.MACRO __GETWRMN
                 	LDS  R@0,@2+(@3)
                 	LDS  R@1,@2+(@3)+1
                 	.ENDM
                 
                 	.MACRO __GETWRZ
                 	LDD  R@0,Z+@2
                 	LDD  R@1,Z+@2+1
                 	.ENDM
                 
                 	.MACRO __GETD2Z
                 	LDD  R26,Z+@0
                 	LDD  R27,Z+@0+1
                 	LDD  R24,Z+@0+2
                 	LDD  R25,Z+@0+3
                 	.ENDM
                 
                 	.MACRO __GETB2MN
                 	LDS  R26,@0+(@1)
                 	.ENDM
                 
                 	.MACRO __GETW2MN
                 	LDS  R26,@0+(@1)
                 	LDS  R27,@0+(@1)+1
                 	.ENDM
                 
                 	.MACRO __GETD2MN
                 	LDS  R26,@0+(@1)
                 	LDS  R27,@0+(@1)+1
                 	LDS  R24,@0+(@1)+2
                 	LDS  R25,@0+(@1)+3
                 	.ENDM
                 
                 	.MACRO __PUTB1MN
                 	STS  @0+(@1),R30
                 	.ENDM
                 
                 	.MACRO __PUTW1MN
                 	STS  @0+(@1),R30
                 	STS  @0+(@1)+1,R31
                 	.ENDM
                 
                 	.MACRO __PUTD1MN
                 	STS  @0+(@1),R30
                 	STS  @0+(@1)+1,R31
                 	STS  @0+(@1)+2,R22
                 	STS  @0+(@1)+3,R23
                 	.ENDM
                 
                 	.MACRO __PUTB1EN
                 	LDI  R26,LOW(@0+(@1))
                 	LDI  R27,HIGH(@0+(@1))
                 	RCALL __EEPROMWRB
                 	.ENDM
                 
                 	.MACRO __PUTW1EN
                 	LDI  R26,LOW(@0+(@1))
                 	LDI  R27,HIGH(@0+(@1))
                 	RCALL __EEPROMWRW
                 	.ENDM
                 
                 	.MACRO __PUTD1EN
                 	LDI  R26,LOW(@0+(@1))
                 	LDI  R27,HIGH(@0+(@1))
                 	RCALL __EEPROMWRD
                 	.ENDM
                 
                 	.MACRO __PUTBR0MN
                 	STS  @0+(@1),R0
                 	.ENDM
                 
                 	.MACRO __PUTBMRN
                 	STS  @0+(@1),R@2
                 	.ENDM
                 
                 	.MACRO __PUTWMRN
                 	STS  @0+(@1),R@2
                 	STS  @0+(@1)+1,R@3
                 	.ENDM
                 
                 	.MACRO __PUTBZR
                 	STD  Z+@1,R@0
                 	.ENDM
                 
                 	.MACRO __PUTWZR
                 	STD  Z+@2,R@0
                 	STD  Z+@2+1,R@1
                 	.ENDM
                 
                 	.MACRO __GETW1R
                 	MOV  R30,R@0
                 	MOV  R31,R@1
                 	.ENDM
                 
                 	.MACRO __GETW2R
                 	MOV  R26,R@0
                 	MOV  R27,R@1
                 	.ENDM
                 
                 	.MACRO __GETWRN
                 	LDI  R@0,LOW(@2)
                 	LDI  R@1,HIGH(@2)
                 	.ENDM
                 
                 	.MACRO __PUTW1R
                 	MOV  R@0,R30
                 	MOV  R@1,R31
                 	.ENDM
                 
                 	.MACRO __PUTW2R
                 	MOV  R@0,R26
                 	MOV  R@1,R27
                 	.ENDM
                 
                 	.MACRO __ADDWRN
                 	SUBI R@0,LOW(-@2)
                 	SBCI R@1,HIGH(-@2)
                 	.ENDM
                 
                 	.MACRO __ADDWRR
                 	ADD  R@0,R@2
                 	ADC  R@1,R@3
                 	.ENDM
                 
                 	.MACRO __SUBWRN
                 	SUBI R@0,LOW(@2)
                 	SBCI R@1,HIGH(@2)
                 	.ENDM
                 
                 	.MACRO __SUBWRR
                 	SUB  R@0,R@2
                 	SBC  R@1,R@3
                 	.ENDM
                 
                 	.MACRO __ANDWRN
                 	ANDI R@0,LOW(@2)
                 	ANDI R@1,HIGH(@2)
                 	.ENDM
                 
                 	.MACRO __ANDWRR
                 	AND  R@0,R@2
                 	AND  R@1,R@3
                 	.ENDM
                 
                 	.MACRO __ORWRN
                 	ORI  R@0,LOW(@2)
                 	ORI  R@1,HIGH(@2)
                 	.ENDM
                 
                 	.MACRO __ORWRR
                 	OR   R@0,R@2
                 	OR   R@1,R@3
                 	.ENDM
                 
                 	.MACRO __EORWRR
                 	EOR  R@0,R@2
                 	EOR  R@1,R@3
                 	.ENDM
                 
                 	.MACRO __GETWRS
                 	LDD  R@0,Y+@2
                 	LDD  R@1,Y+@2+1
                 	.ENDM
                 
                 	.MACRO __PUTBSR
                 	STD  Y+@1,R@0
                 	.ENDM
                 
                 	.MACRO __PUTWSR
                 	STD  Y+@2,R@0
                 	STD  Y+@2+1,R@1
                 	.ENDM
                 
                 	.MACRO __MOVEWRR
                 	MOV  R@0,R@2
                 	MOV  R@1,R@3
                 	.ENDM
                 
                 	.MACRO __INWR
                 	IN   R@0,@2
                 	IN   R@1,@2+1
                 	.ENDM
                 
                 	.MACRO __OUTWR
                 	OUT  @2+1,R@1
                 	OUT  @2,R@0
                 	.ENDM
                 
                 	.MACRO __CALL1MN
                 	LDS  R30,@0+(@1)
                 	LDS  R31,@0+(@1)+1
                 	ICALL
                 	.ENDM
                 
                 	.MACRO __CALL1FN
                 	LDI  R30,LOW(2*@0+(@1))
                 	LDI  R31,HIGH(2*@0+(@1))
                 	RCALL __GETW1PF
                 	ICALL
                 	.ENDM
                 
                 	.MACRO __CALL2EN
                 	PUSH R26
                 	PUSH R27
                 	LDI  R26,LOW(@0+(@1))
                 	LDI  R27,HIGH(@0+(@1))
                 	RCALL __EEPROMRDW
                 	POP  R27
                 	POP  R26
                 	ICALL
                 	.ENDM
                 
                 	.MACRO __CALL2EX
                 	SUBI R26,LOW(-@0)
                 	SBCI R27,HIGH(-@0)
                 	RCALL __EEPROMRDD
                 	ICALL
                 	.ENDM
                 
                 	.MACRO __GETW1STACK
                 	IN   R30,SPL
                 	IN   R31,SPH
                 	ADIW R30,@0+1
                 	LD   R0,Z+
                 	LD   R31,Z
                 	MOV  R30,R0
                 	.ENDM
                 
                 	.MACRO __GETD1STACK
                 	IN   R30,SPL
                 	IN   R31,SPH
                 	ADIW R30,@0+1
                 	LD   R0,Z+
                 	LD   R1,Z+
                 	LD   R22,Z
                 	MOVW R30,R0
                 	.ENDM
                 
                 	.MACRO __NBST
                 	BST  R@0,@1
                 	IN   R30,SREG
                 	LDI  R31,0x40
                 	EOR  R30,R31
                 	OUT  SREG,R30
                 	.ENDM
                 
                 
                 	.MACRO __PUTB1SN
                 	LDD  R26,Y+@0
                 	LDD  R27,Y+@0+1
                 	SUBI R26,LOW(-@1)
                 	SBCI R27,HIGH(-@1)
                 	ST   X,R30
                 	.ENDM
                 
                 	.MACRO __PUTW1SN
                 	LDD  R26,Y+@0
                 	LDD  R27,Y+@0+1
                 	SUBI R26,LOW(-@1)
                 	SBCI R27,HIGH(-@1)
                 	ST   X+,R30
                 	ST   X,R31
                 	.ENDM
                 
                 	.MACRO __PUTD1SN
                 	LDD  R26,Y+@0
                 	LDD  R27,Y+@0+1
                 	SUBI R26,LOW(-@1)
                 	SBCI R27,HIGH(-@1)
                 	RCALL __PUTDP1
                 	.ENDM
                 
                 	.MACRO __PUTB1SNS
                 	LDD  R26,Y+@0
                 	LDD  R27,Y+@0+1
                 	ADIW R26,@1
                 	ST   X,R30
                 	.ENDM
                 
                 	.MACRO __PUTW1SNS
                 	LDD  R26,Y+@0
                 	LDD  R27,Y+@0+1
                 	ADIW R26,@1
                 	ST   X+,R30
                 	ST   X,R31
                 	.ENDM
                 
                 	.MACRO __PUTD1SNS
                 	LDD  R26,Y+@0
                 	LDD  R27,Y+@0+1
                 	ADIW R26,@1
                 	RCALL __PUTDP1
                 	.ENDM
                 
                 	.MACRO __PUTB1PMN
                 	LDS  R26,@0
                 	LDS  R27,@0+1
                 	SUBI R26,LOW(-@1)
                 	SBCI R27,HIGH(-@1)
                 	ST   X,R30
                 	.ENDM
                 
                 	.MACRO __PUTW1PMN
                 	LDS  R26,@0
                 	LDS  R27,@0+1
                 	SUBI R26,LOW(-@1)
                 	SBCI R27,HIGH(-@1)
                 	ST   X+,R30
                 	ST   X,R31
                 	.ENDM
                 
                 	.MACRO __PUTD1PMN
                 	LDS  R26,@0
                 	LDS  R27,@0+1
                 	SUBI R26,LOW(-@1)
                 	SBCI R27,HIGH(-@1)
                 	RCALL __PUTDP1
                 	.ENDM
                 
                 	.MACRO __PUTB1PMNS
                 	LDS  R26,@0
                 	LDS  R27,@0+1
                 	ADIW R26,@1
                 	ST   X,R30
                 	.ENDM
                 
                 	.MACRO __PUTW1PMNS
                 	LDS  R26,@0
                 	LDS  R27,@0+1
                 	ADIW R26,@1
                 	ST   X+,R30
                 	ST   X,R31
                 	.ENDM
                 
                 	.MACRO __PUTD1PMNS
                 	LDS  R26,@0
                 	LDS  R27,@0+1
                 	ADIW R26,@1
                 	RCALL __PUTDP1
                 	.ENDM
                 
                 	.MACRO __PUTB1RN
                 	MOVW R26,R@0
                 	SUBI R26,LOW(-@1)
                 	SBCI R27,HIGH(-@1)
                 	ST   X,R30
                 	.ENDM
                 
                 	.MACRO __PUTW1RN
                 	MOVW R26,R@0
                 	SUBI R26,LOW(-@1)
                 	SBCI R27,HIGH(-@1)
                 	ST   X+,R30
                 	ST   X,R31
                 	.ENDM
                 
                 	.MACRO __PUTD1RN
                 	MOVW R26,R@0
                 	SUBI R26,LOW(-@1)
                 	SBCI R27,HIGH(-@1)
                 	RCALL __PUTDP1
                 	.ENDM
                 
                 	.MACRO __PUTB1RNS
                 	MOVW R26,R@0
                 	ADIW R26,@1
                 	ST   X,R30
                 	.ENDM
                 
                 	.MACRO __PUTW1RNS
                 	MOVW R26,R@0
                 	ADIW R26,@1
                 	ST   X+,R30
                 	ST   X,R31
                 	.ENDM
                 
                 	.MACRO __PUTD1RNS
                 	MOVW R26,R@0
                 	ADIW R26,@1
                 	RCALL __PUTDP1
                 	.ENDM
                 
                 	.MACRO __PUTB1RON
                 	MOV  R26,R@0
                 	MOV  R27,R@1
                 	SUBI R26,LOW(-@2)
                 	SBCI R27,HIGH(-@2)
                 	ST   X,R30
                 	.ENDM
                 
                 	.MACRO __PUTW1RON
                 	MOV  R26,R@0
                 	MOV  R27,R@1
                 	SUBI R26,LOW(-@2)
                 	SBCI R27,HIGH(-@2)
                 	ST   X+,R30
                 	ST   X,R31
                 	.ENDM
                 
                 	.MACRO __PUTD1RON
                 	MOV  R26,R@0
                 	MOV  R27,R@1
                 	SUBI R26,LOW(-@2)
                 	SBCI R27,HIGH(-@2)
                 	RCALL __PUTDP1
                 	.ENDM
                 
                 	.MACRO __PUTB1RONS
                 	MOV  R26,R@0
                 	MOV  R27,R@1
                 	ADIW R26,@2
                 	ST   X,R30
                 	.ENDM
                 
                 	.MACRO __PUTW1RONS
                 	MOV  R26,R@0
                 	MOV  R27,R@1
                 	ADIW R26,@2
                 	ST   X+,R30
                 	ST   X,R31
                 	.ENDM
                 
                 	.MACRO __PUTD1RONS
                 	MOV  R26,R@0
                 	MOV  R27,R@1
                 	ADIW R26,@2
                 	RCALL __PUTDP1
                 	.ENDM
                 
                 
                 	.MACRO __GETB1SX
                 	MOVW R30,R28
                 	SUBI R30,LOW(-@0)
                 	SBCI R31,HIGH(-@0)
                 	LD   R30,Z
                 	.ENDM
                 
                 	.MACRO __GETB1HSX
                 	MOVW R30,R28
                 	SUBI R30,LOW(-@0)
                 	SBCI R31,HIGH(-@0)
                 	LD   R31,Z
                 	.ENDM
                 
                 	.MACRO __GETW1SX
                 	MOVW R30,R28
                 	SUBI R30,LOW(-@0)
                 	SBCI R31,HIGH(-@0)
                 	LD   R0,Z+
                 	LD   R31,Z
                 	MOV  R30,R0
                 	.ENDM
                 
                 	.MACRO __GETD1SX
                 	MOVW R30,R28
                 	SUBI R30,LOW(-@0)
                 	SBCI R31,HIGH(-@0)
                 	LD   R0,Z+
                 	LD   R1,Z+
                 	LD   R22,Z+
                 	LD   R23,Z
                 	MOVW R30,R0
                 	.ENDM
                 
                 	.MACRO __GETB2SX
                 	MOVW R26,R28
                 	SUBI R26,LOW(-@0)
                 	SBCI R27,HIGH(-@0)
                 	LD   R26,X
                 	.ENDM
                 
                 	.MACRO __GETW2SX
                 	MOVW R26,R28
                 	SUBI R26,LOW(-@0)
                 	SBCI R27,HIGH(-@0)
                 	LD   R0,X+
                 	LD   R27,X
                 	MOV  R26,R0
                 	.ENDM
                 
                 	.MACRO __GETD2SX
                 	MOVW R26,R28
                 	SUBI R26,LOW(-@0)
                 	SBCI R27,HIGH(-@0)
                 	LD   R0,X+
                 	LD   R1,X+
                 	LD   R24,X+
                 	LD   R25,X
                 	MOVW R26,R0
                 	.ENDM
                 
                 	.MACRO __GETBRSX
                 	MOVW R30,R28
                 	SUBI R30,LOW(-@1)
                 	SBCI R31,HIGH(-@1)
                 	LD   R@0,Z
                 	.ENDM
                 
                 	.MACRO __GETWRSX
                 	MOVW R30,R28
                 	SUBI R30,LOW(-@2)
                 	SBCI R31,HIGH(-@2)
                 	LD   R@0,Z+
                 	LD   R@1,Z
                 	.ENDM
                 
                 	.MACRO __GETBRSX2
                 	MOVW R26,R28
                 	SUBI R26,LOW(-@1)
                 	SBCI R27,HIGH(-@1)
                 	LD   R@0,X
                 	.ENDM
                 
                 	.MACRO __GETWRSX2
                 	MOVW R26,R28
                 	SUBI R26,LOW(-@2)
                 	SBCI R27,HIGH(-@2)
                 	LD   R@0,X+
                 	LD   R@1,X
                 	.ENDM
                 
                 	.MACRO __LSLW8SX
                 	MOVW R30,R28
                 	SUBI R30,LOW(-@0)
                 	SBCI R31,HIGH(-@0)
                 	LD   R31,Z
                 	CLR  R30
                 	.ENDM
                 
                 	.MACRO __PUTB1SX
                 	MOVW R26,R28
                 	SUBI R26,LOW(-@0)
                 	SBCI R27,HIGH(-@0)
                 	ST   X,R30
                 	.ENDM
                 
                 	.MACRO __PUTW1SX
                 	MOVW R26,R28
                 	SUBI R26,LOW(-@0)
                 	SBCI R27,HIGH(-@0)
                 	ST   X+,R30
                 	ST   X,R31
                 	.ENDM
                 
                 	.MACRO __PUTD1SX
                 	MOVW R26,R28
                 	SUBI R26,LOW(-@0)
                 	SBCI R27,HIGH(-@0)
                 	ST   X+,R30
                 	ST   X+,R31
                 	ST   X+,R22
                 	ST   X,R23
                 	.ENDM
                 
                 	.MACRO __CLRW1SX
                 	MOVW R26,R28
                 	SUBI R26,LOW(-@0)
                 	SBCI R27,HIGH(-@0)
                 	ST   X+,R30
                 	ST   X,R30
                 	.ENDM
                 
                 	.MACRO __CLRD1SX
                 	MOVW R26,R28
                 	SUBI R26,LOW(-@0)
                 	SBCI R27,HIGH(-@0)
                 	ST   X+,R30
                 	ST   X+,R30
                 	ST   X+,R30
                 	ST   X,R30
                 	.ENDM
                 
                 	.MACRO __PUTB2SX
                 	MOVW R30,R28
                 	SUBI R30,LOW(-@0)
                 	SBCI R31,HIGH(-@0)
                 	ST   Z,R26
                 	.ENDM
                 
                 	.MACRO __PUTW2SX
                 	MOVW R30,R28
                 	SUBI R30,LOW(-@0)
                 	SBCI R31,HIGH(-@0)
                 	ST   Z+,R26
                 	ST   Z,R27
                 	.ENDM
                 
                 	.MACRO __PUTD2SX
                 	MOVW R30,R28
                 	SUBI R30,LOW(-@0)
                 	SBCI R31,HIGH(-@0)
                 	ST   Z+,R26
                 	ST   Z+,R27
                 	ST   Z+,R24
                 	ST   Z,R25
                 	.ENDM
                 
                 	.MACRO __PUTBSRX
                 	MOVW R30,R28
                 	SUBI R30,LOW(-@1)
                 	SBCI R31,HIGH(-@1)
                 	ST   Z,R@0
                 	.ENDM
                 
                 	.MACRO __PUTWSRX
                 	MOVW R30,R28
                 	SUBI R30,LOW(-@2)
                 	SBCI R31,HIGH(-@2)
                 	ST   Z+,R@0
                 	ST   Z,R@1
                 	.ENDM
                 
                 	.MACRO __PUTB1SNX
                 	MOVW R26,R28
                 	SUBI R26,LOW(-@0)
                 	SBCI R27,HIGH(-@0)
                 	LD   R0,X+
                 	LD   R27,X
                 	MOV  R26,R0
                 	SUBI R26,LOW(-@1)
                 	SBCI R27,HIGH(-@1)
                 	ST   X,R30
                 	.ENDM
                 
                 	.MACRO __PUTW1SNX
                 	MOVW R26,R28
                 	SUBI R26,LOW(-@0)
                 	SBCI R27,HIGH(-@0)
                 	LD   R0,X+
                 	LD   R27,X
                 	MOV  R26,R0
                 	SUBI R26,LOW(-@1)
                 	SBCI R27,HIGH(-@1)
                 	ST   X+,R30
                 	ST   X,R31
                 	.ENDM
                 
                 	.MACRO __PUTD1SNX
                 	MOVW R26,R28
                 	SUBI R26,LOW(-@0)
                 	SBCI R27,HIGH(-@0)
                 	LD   R0,X+
                 	LD   R27,X
                 	MOV  R26,R0
                 	SUBI R26,LOW(-@1)
                 	SBCI R27,HIGH(-@1)
                 	ST   X+,R30
                 	ST   X+,R31
                 	ST   X+,R22
                 	ST   X,R23
                 	.ENDM
                 
                 	.MACRO __MULBRR
                 	MULS R@0,R@1
                 	MOVW R30,R0
                 	.ENDM
                 
                 	.MACRO __MULBRRU
                 	MUL  R@0,R@1
                 	MOVW R30,R0
                 	.ENDM
                 
                 	.MACRO __MULBRR0
                 	MULS R@0,R@1
                 	.ENDM
                 
                 	.MACRO __MULBRRU0
                 	MUL  R@0,R@1
                 	.ENDM
                 
                 	.MACRO __MULBNWRU
                 	LDI  R26,@2
                 	MUL  R26,R@0
                 	MOVW R30,R0
                 	MUL  R26,R@1
                 	ADD  R31,R0
                 	.ENDM
                 
                 ;NAME DEFINITIONS FOR GLOBAL VARIABLES ALLOCATED TO REGISTERS
                 	.DEF _NewState=R5
                 	.DEF _OldState=R4
                 	.DEF _OldVol=R7
                 	.DEF _upState=R6
                 	.DEF _downState=R9
                 	.DEF _OldBtnW=R8
                 	.DEF _OldBtnR=R11
                 	.DEF _Vol=R10
                 	.DEF __lcd_x=R13
                 	.DEF __lcd_y=R12
                 
                 	.CSEG
                 	.ORG 0x00
                 
                 ;START OF CODE MARKER
                 __START_OF_CODE:
                 
                 ;INTERRUPT VECTORS
000000 c03e      	RJMP __RESET
000001 cffe      	RJMP 0x00
000002 cffd      	RJMP 0x00
000003 cffc      	RJMP 0x00
000004 cffb      	RJMP 0x00
000005 cffa      	RJMP 0x00
000006 cff9      	RJMP 0x00
000007 cff8      	RJMP 0x00
000008 cff7      	RJMP 0x00
000009 c061      	RJMP _timer0_ovf_isr
00000a cff5      	RJMP 0x00
00000b cff4      	RJMP 0x00
00000c cff3      	RJMP 0x00
00000d cff2      	RJMP 0x00
00000e cff1      	RJMP 0x00
00000f cff0      	RJMP 0x00
000010 cfef      	RJMP 0x00
000011 cfee      	RJMP 0x00
000012 cfed      	RJMP 0x00
                 
                 ;GLOBAL REGISTER VARIABLES INITIALIZATION
                 __REG_VARS:
D:\Projects AVR\Flash\Debug\List\Flash.asm(1126): warning: .cseg .db misalignment - padding zero byte
000013 007f      	.DB  0x7F
                 
                 _0x0:
000014 6553
000015 656c
000016 7463
000017 6e20      	.DB  0x53,0x65,0x6C,0x65,0x63,0x74,0x20,0x6E
000018 6d75
000019 3d20
00001a 0020
00001b 7257      	.DB  0x75,0x6D,0x20,0x3D,0x20,0x0,0x57,0x72
00001c 7469
00001d 2065
00001e 756e
00001f 206d      	.DB  0x69,0x74,0x65,0x20,0x6E,0x75,0x6D,0x20
000020 203d
000021 5200
000022 6165
000023 2064      	.DB  0x3D,0x20,0x0,0x52,0x65,0x61,0x64,0x20
000024 756e
000025 206d
000026 203d
D:\Projects AVR\Flash\Debug\List\Flash.asm(1133): warning: .cseg .db misalignment - padding zero byte
000027 0000      	.DB  0x6E,0x75,0x6D,0x20,0x3D,0x20,0x0
                 _0x2000060:
D:\Projects AVR\Flash\Debug\List\Flash.asm(1135): warning: .cseg .db misalignment - padding zero byte
000028 0001      	.DB  0x1
                 _0x2000000:
000029 4e2d
00002a 4e41
00002b 4900
00002c 464e      	.DB  0x2D,0x4E,0x41,0x4E,0x0,0x49,0x4E,0x46
D:\Projects AVR\Flash\Debug\List\Flash.asm(1138): warning: .cseg .db misalignment - padding zero byte
00002d 0000      	.DB  0x0
                 _0x2020003:
00002e c080      	.DB  0x80,0xC0
                 
                 __GLOBAL_INI_TBL:
00002f 0001      	.DW  0x01
000030 000a      	.DW  0x0A
000031 0026      	.DW  __REG_VARS*2
                 
000032 000d      	.DW  0x0D
000033 0160      	.DW  _0x1D
000034 0036      	.DW  _0x0*2+14
                 
000035 000c      	.DW  0x0C
000036 016d      	.DW  _0x1D+13
000037 0043      	.DW  _0x0*2+27
                 
000038 0001      	.DW  0x01
000039 017a      	.DW  __seed_G100
00003a 0050      	.DW  _0x2000060*2
                 
00003b 0002      	.DW  0x02
00003c 017e      	.DW  __base_y_G101
00003d 005c      	.DW  _0x2020003*2
                 
                 _0xFFFFFFFF:
00003e 0000      	.DW  0
                 
                 #define __GLOBAL_INI_TBL_PRESENT 1
                 
                 __RESET:
00003f 94f8      	CLI
000040 27ee      	CLR  R30
000041 bbec      	OUT  EECR,R30
                 
                 ;INTERRUPT VECTORS ARE PLACED
                 ;AT THE START OF FLASH
000042 e0f1      	LDI  R31,1
000043 bffb      	OUT  GICR,R31
000044 bfeb      	OUT  GICR,R30
000045 bfe5      	OUT  MCUCR,R30
                 
                 ;CLEAR R2-R14
000046 e08d      	LDI  R24,(14-2)+1
000047 e0a2      	LDI  R26,2
000048 27bb      	CLR  R27
                 __CLEAR_REG:
000049 93ed      	ST   X+,R30
00004a 958a      	DEC  R24
00004b f7e9      	BRNE __CLEAR_REG
                 
                 ;CLEAR SRAM
00004c e080      	LDI  R24,LOW(__CLEAR_SRAM_SIZE)
00004d e094      	LDI  R25,HIGH(__CLEAR_SRAM_SIZE)
00004e e6a0      	LDI  R26,__SRAM_START
                 __CLEAR_SRAM:
00004f 93ed      	ST   X+,R30
000050 9701      	SBIW R24,1
000051 f7e9      	BRNE __CLEAR_SRAM
                 
                 ;GLOBAL VARIABLES INITIALIZATION
000052 e5ee      	LDI  R30,LOW(__GLOBAL_INI_TBL*2)
000053 e0f0      	LDI  R31,HIGH(__GLOBAL_INI_TBL*2)
                 __GLOBAL_INI_NEXT:
000054 9185      	LPM  R24,Z+
000055 9195      	LPM  R25,Z+
000056 9700      	SBIW R24,0
000057 f061      	BREQ __GLOBAL_INI_END
000058 91a5      	LPM  R26,Z+
000059 91b5      	LPM  R27,Z+
00005a 9005      	LPM  R0,Z+
00005b 9015      	LPM  R1,Z+
00005c 01bf      	MOVW R22,R30
00005d 01f0      	MOVW R30,R0
                 __GLOBAL_INI_LOOP:
00005e 9005      	LPM  R0,Z+
00005f 920d      	ST   X+,R0
000060 9701      	SBIW R24,1
000061 f7e1      	BRNE __GLOBAL_INI_LOOP
000062 01fb      	MOVW R30,R22
000063 cff0      	RJMP __GLOBAL_INI_NEXT
                 __GLOBAL_INI_END:
                 
                 ;HARDWARE STACK POINTER INITIALIZATION
000064 e5ef      	LDI  R30,LOW(__SRAM_END-__HEAP_SIZE)
000065 bfed      	OUT  SPL,R30
000066 e0e4      	LDI  R30,HIGH(__SRAM_END-__HEAP_SIZE)
000067 bfee      	OUT  SPH,R30
                 
                 ;DATA STACK POINTER INITIALIZATION
000068 e6c0      	LDI  R28,LOW(__SRAM_START+__DSTACK_SIZE)
000069 e0d1      	LDI  R29,HIGH(__SRAM_START+__DSTACK_SIZE)
                 
00006a c07f      	RJMP _main
                 
                 	.ESEG
                 	.ORG 0
                 
                 	.DSEG
                 	.ORG 0x160
                 
                 	.CSEG
                 ;/*******************************************************
                 ;This program was created by the
                 ;CodeWizardAVR V3.22 Evaluation
                 ;Automatic Program Generator
                 ;© Copyright 1998-2015 Pavel Haiduc, HP InfoTech s.r.l.
                 ;http://www.hpinfotech.com
                 ;
                 ;Project :
                 ;Version :
                 ;Date    : 18.01.2016
                 ;Author  :
                 ;Company :
                 ;Comments:
                 ;
                 ;
                 ;Chip type               : ATmega8
                 ;Program type            : Application
                 ;AVR Core Clock frequency: 8,000000 MHz
                 ;Memory model            : Small
                 ;External RAM size       : 0
                 ;Data Stack size         : 256
                 ;*******************************************************/
                 ;
                 ;#include <io.h>
                 	#ifndef __SLEEP_DEFINED__
                 	#define __SLEEP_DEFINED__
                 	.EQU __se_bit=0x80
                 	.EQU __sm_mask=0x70
                 	.EQU __sm_powerdown=0x20
                 	.EQU __sm_powersave=0x30
                 	.EQU __sm_standby=0x60
                 	.EQU __sm_ext_standby=0x70
                 	.EQU __sm_adc_noise_red=0x10
                 	.SET power_ctrl_reg=mcucr
                 	#endif
                 ;#include <stdlib.h>
                 ;#include <delay.h>
                 ;
                 ;// I2C Bus functions
                 ;#include <i2c.h>
                 ;
                 ;// Alphanumeric LCD functions
                 ;#include <alcd.h>
                 ;
                 ;// Declare your global variables here
                 ;
                 ;#define addres_eep 0xa0
                 ;
                 ;typedef unsigned char byte;
                 ;
                 ;unsigned char NewState, OldState, OldVol, upState, downState, OldBtnW, OldBtnR;
                 ;unsigned char Vol = 0x7F;
                 ;char Duty[];
                 ;
                 ;
                 ;void EncoderScan(void);
                 ;void LcdOut (void);
                 ;byte read_eep(byte);
                 ;void write_eep(byte, byte);
                 ;
                 ;// Timer 0 overflow interrupt service routine
                 ;interrupt [TIM0_OVF] void timer0_ovf_isr(void)
                 ; 0000 0034 {
                 
                 	.CSEG
                 _timer0_ovf_isr:
                 ; .FSTART _timer0_ovf_isr
00006b 920a      	ST   -Y,R0
00006c 921a      	ST   -Y,R1
00006d 92fa      	ST   -Y,R15
00006e 936a      	ST   -Y,R22
00006f 937a      	ST   -Y,R23
000070 938a      	ST   -Y,R24
000071 939a      	ST   -Y,R25
000072 93aa      	ST   -Y,R26
000073 93ba      	ST   -Y,R27
000074 93ea      	ST   -Y,R30
000075 93fa      	ST   -Y,R31
000076 b7ef      	IN   R30,SREG
000077 93ea      	ST   -Y,R30
                 ; 0000 0035     // Reinitialize Timer 0 value
                 ; 0000 0036     TCNT0=0xCE;
000078 ecee      	LDI  R30,LOW(206)
000079 bfe2      	OUT  0x32,R30
                 ; 0000 0037     // Place your code here
                 ; 0000 0038     EncoderScan();
00007a d00e      	RCALL _EncoderScan
                 ; 0000 0039 }
00007b 91e9      	LD   R30,Y+
00007c bfef      	OUT  SREG,R30
00007d 91f9      	LD   R31,Y+
00007e 91e9      	LD   R30,Y+
00007f 91b9      	LD   R27,Y+
000080 91a9      	LD   R26,Y+
000081 9199      	LD   R25,Y+
000082 9189      	LD   R24,Y+
000083 9179      	LD   R23,Y+
000084 9169      	LD   R22,Y+
000085 90f9      	LD   R15,Y+
000086 9019      	LD   R1,Y+
000087 9009      	LD   R0,Y+
000088 9518      	RETI
                 ; .FEND
                 ;
                 ;
                 ;void EncoderScan(void)
                 ; 0000 003D {
                 _EncoderScan:
                 ; .FSTART _EncoderScan
                 ; 0000 003E     NewState = PINB & 0x03;
000089 b3e6      	IN   R30,0x16
00008a 70e3      	ANDI R30,LOW(0x3)
00008b 2e5e      	MOV  R5,R30
                 ; 0000 003F     if (NewState != OldState) {
00008c 1445      	CP   R4,R5
00008d f409      	BRNE PC+2
00008e c040      	RJMP _0x3
                 ; 0000 0040         switch (OldState) {
00008f 2de4      	MOV  R30,R4
000090 e0f0      	LDI  R31,0
                 ; 0000 0041             case 2:
000091 30e2      	CPI  R30,LOW(0x2)
000092 e0a0      	LDI  R26,HIGH(0x2)
000093 07fa      	CPC  R31,R26
000094 f441      	BRNE _0x7
                 ; 0000 0042                 {
                 ; 0000 0043                 if (NewState == 3)upState++;
000095 e0e3      	LDI  R30,LOW(3)
000096 15e5      	CP   R30,R5
000097 f409      	BRNE _0x8
000098 9463      	INC  R6
                 ; 0000 0044                 if (NewState == 0)downState++;
                 _0x8:
000099 2055      	TST  R5
00009a f409      	BRNE _0x9
00009b 9493      	INC  R9
                 ; 0000 0045                 break;
                 _0x9:
00009c c023      	RJMP _0x6
                 ; 0000 0046                 }
                 ; 0000 0047             case 0:
                 _0x7:
00009d 9730      	SBIW R30,0
00009e f449      	BRNE _0xA
                 ; 0000 0048                 {
                 ; 0000 0049                 if (NewState == 2)upState++;
00009f e0e2      	LDI  R30,LOW(2)
0000a0 15e5      	CP   R30,R5
0000a1 f409      	BRNE _0xB
0000a2 9463      	INC  R6
                 ; 0000 004A                 if (NewState == 1)downState++;
                 _0xB:
0000a3 e0e1      	LDI  R30,LOW(1)
0000a4 15e5      	CP   R30,R5
0000a5 f409      	BRNE _0xC
0000a6 9493      	INC  R9
                 ; 0000 004B                 break;
                 _0xC:
0000a7 c018      	RJMP _0x6
                 ; 0000 004C                 }
                 ; 0000 004D             case 1:
                 _0xA:
0000a8 30e1      	CPI  R30,LOW(0x1)
0000a9 e0a0      	LDI  R26,HIGH(0x1)
0000aa 07fa      	CPC  R31,R26
0000ab f441      	BRNE _0xD
                 ; 0000 004E                 {
                 ; 0000 004F                 if (NewState == 0)upState++;
0000ac 2055      	TST  R5
0000ad f409      	BRNE _0xE
0000ae 9463      	INC  R6
                 ; 0000 0050                 if (NewState == 3)downState++;
                 _0xE:
0000af e0e3      	LDI  R30,LOW(3)
0000b0 15e5      	CP   R30,R5
0000b1 f409      	BRNE _0xF
0000b2 9493      	INC  R9
                 ; 0000 0051                 break;
                 _0xF:
0000b3 c00c      	RJMP _0x6
                 ; 0000 0052                 }
                 ; 0000 0053             case 3:
                 _0xD:
0000b4 30e3      	CPI  R30,LOW(0x3)
0000b5 e0a0      	LDI  R26,HIGH(0x3)
0000b6 07fa      	CPC  R31,R26
0000b7 f441      	BRNE _0x6
                 ; 0000 0054                 {
                 ; 0000 0055                 if (NewState == 1)upState++;
0000b8 e0e1      	LDI  R30,LOW(1)
0000b9 15e5      	CP   R30,R5
0000ba f409      	BRNE _0x11
0000bb 9463      	INC  R6
                 ; 0000 0056                 if (NewState == 2)downState++;
                 _0x11:
0000bc e0e2      	LDI  R30,LOW(2)
0000bd 15e5      	CP   R30,R5
0000be f409      	BRNE _0x12
0000bf 9493      	INC  R9
                 ; 0000 0057                 break;
                 _0x12:
                 ; 0000 0058                 }
                 ; 0000 0059         };
                 _0x6:
                 ; 0000 005A         OldState = NewState;
0000c0 2c45      	MOV  R4,R5
                 ; 0000 005B         if (upState >= 4) {
0000c1 e0e4      	LDI  R30,LOW(4)
0000c2 166e      	CP   R6,R30
0000c3 f010      	BRLO _0x13
                 ; 0000 005C             Vol+=1;
0000c4 94a3      	INC  R10
                 ; 0000 005D             upState = 0;
0000c5 2466      	CLR  R6
                 ; 0000 005E         };
                 _0x13:
                 ; 0000 005F         if (downState >= 4) {
0000c6 e0e4      	LDI  R30,LOW(4)
0000c7 169e      	CP   R9,R30
0000c8 f010      	BRLO _0x14
                 ; 0000 0060             Vol-=1;
0000c9 94aa      	DEC  R10
                 ; 0000 0061             downState = 0;
0000ca 2499      	CLR  R9
                 ; 0000 0062         };
                 _0x14:
                 ; 0000 0063         if (Vol > 255) Vol = 255;
0000cb efef      	LDI  R30,LOW(255)
0000cc 15ea      	CP   R30,R10
0000cd f408      	BRSH _0x15
0000ce 2eae      	MOV  R10,R30
                 ; 0000 0064         if (Vol < 0) Vol = 0;
                 _0x15:
                 ; 0000 0065 
                 ; 0000 0066     };
                 _0x3:
                 ; 0000 0067 
                 ; 0000 0068 }
0000cf 9508      	RET
                 ; .FEND
                 ;
                 ;void LcdOut (void)
                 ; 0000 006B {
                 _LcdOut:
                 ; .FSTART _LcdOut
                 ; 0000 006C 
                 ; 0000 006D      lcd_clear();
0000d0 d0e8      	RCALL _lcd_clear
                 ; 0000 006E      lcd_putsf("Select num = ");
                +
0000d1 e2a8     +LDI R26 , LOW ( 2 * _0x0 + ( 0 ) )
0000d2 e0b0     +LDI R27 , HIGH ( 2 * _0x0 + ( 0 ) )
                 	__POINTW2FN _0x0,0
0000d3 d115      	RCALL _lcd_putsf
                 ; 0000 006F      itoa(Vol,Duty);
0000d4 d153      	RCALL SUBOPT_0x0
                 ; 0000 0070      lcd_puts(Duty);
                 ; 0000 0071 
                 ; 0000 0072 }
0000d5 9508      	RET
                 ; .FEND
                 ;
                 ;
                 ;
                 ;byte read_eep(byte address_byte)
                 ; 0000 0077 {
                 _read_eep:
                 ; .FSTART _read_eep
                 ; 0000 0078 
                 ; 0000 0079     byte data;	                // Определяем переменную data, в которой будет
                 ; 0000 007A                                 // храниться считанное значение
                 ; 0000 007B     i2c_start();	            // Генерируем стартовое условие
0000d6 93aa      	ST   -Y,R26
0000d7 931a      	ST   -Y,R17
                 ;	address_byte -> Y+1
                 ;	data -> R17
0000d8 d159      	RCALL SUBOPT_0x1
                 ; 0000 007C     i2c_write(addres_eep);      // Передаём в шину I2C адрес EEPROM с младшим
                 ; 0000 007D                                 // байтом = 0, т. к. следующая операция - запись
                 ; 0000 007E     i2c_write(0x00);
                 ; 0000 007F     i2c_write(address_byte);    // Передаём в шину I2C адрес байта,
                 ; 0000 0080                                 // который требуется прочитать
                 ; 0000 0081     i2c_start();	            // Генерируем стартовое условие
0000d9 d17b      	RCALL _i2c_start
                 ; 0000 0082     i2c_write(addres_eep | 1);   // Изменяем самый младший байт адреса
0000da eaa1      	LDI  R26,LOW(161)
0000db d1ad      	RCALL _i2c_write
                 ; 0000 0083                                  // EEPROM на 1, т. к. будем производить
                 ; 0000 0084                                  // операцию чтени
                 ; 0000 0085     data=i2c_read(0);           // Читаем байт из шины I2C в переменную dat
0000dc e0a0      	LDI  R26,LOW(0)
0000dd d190      	RCALL _i2c_read
0000de 2f1e      	MOV  R17,R30
                 ; 0000 0086     i2c_stop();	                // Генерируем стоповое условие
0000df d184      	RCALL _i2c_stop
                 ; 0000 0087     return data;	            // Возвращаем значение переменной data
0000e0 2fe1      	MOV  R30,R17
0000e1 8118      	LDD  R17,Y+0
0000e2 c0d4      	RJMP _0x20A0003
                 ; 0000 0088 
                 ; 0000 0089 }
                 ; .FEND
                 ;
                 ;void write_eep(byte address_byte, byte data)
                 ; 0000 008C {
                 _write_eep:
                 ; .FSTART _write_eep
                 ; 0000 008D 
                 ; 0000 008E     i2c_start();	            //	Генерируем стартовое условие
0000e3 93aa      	ST   -Y,R26
                 ;	address_byte -> Y+1
                 ;	data -> Y+0
0000e4 d14d      	RCALL SUBOPT_0x1
                 ; 0000 008F     i2c_write(addres_eep);      //	Передаём в шину I2C адрес EEPROM
                 ; 0000 0090 
                 ; 0000 0091     i2c_write(0x00);
                 ; 0000 0092     i2c_write(address_byte);    //	Передаём в шину I2C адрес ячейки,
                 ; 0000 0093                                //	куда требуется записать байт
                 ; 0000 0094     i2c_write(data);           //	Записываем байт данных data
0000e5 81a8      	LD   R26,Y
0000e6 d1a2      	RCALL _i2c_write
                 ; 0000 0095     i2c_stop();	                //	Генерируем стоповое условие
0000e7 d17c      	RCALL _i2c_stop
                 ; 0000 0096     delay_ms(10);	            //	завершаем операцию записи задержкой 10 мс
0000e8 d150      	RCALL SUBOPT_0x2
                 ; 0000 0097 
                 ; 0000 0098 }
0000e9 c0cd      	RJMP _0x20A0003
                 ; .FEND
                 ;
                 ;
                 ;
                 ;void main(void)
                 ; 0000 009D {
                 _main:
                 ; .FSTART _main
                 ; 0000 009E // Declare your local variables here
                 ; 0000 009F 
                 ; 0000 00A0 // Input/Output Ports initialization
                 ; 0000 00A1 // Port B initialization
                 ; 0000 00A2 // Function: Bit7=In Bit6=In Bit5=In Bit4=In Bit3=In Bit2=In Bit1=In Bit0=In
                 ; 0000 00A3 DDRB=(0<<DDB7) | (0<<DDB6) | (0<<DDB5) | (0<<DDB4) | (0<<DDB3) | (0<<DDB2) | (0<<DDB1) | (0<<DDB0);
0000ea e0e0      	LDI  R30,LOW(0)
0000eb bbe7      	OUT  0x17,R30
                 ; 0000 00A4 // State: Bit7=T Bit6=T Bit5=T Bit4=T Bit3=P Bit2=P Bit1=P Bit0=P
                 ; 0000 00A5 PORTB=(0<<PORTB7) | (0<<PORTB6) | (0<<PORTB5) | (0<<PORTB4) | (1<<PORTB3) | (1<<PORTB2) | (1<<PORTB1) | (1<<PORTB0);
0000ec e0ef      	LDI  R30,LOW(15)
0000ed bbe8      	OUT  0x18,R30
                 ; 0000 00A6 
                 ; 0000 00A7 // Port C initialization
                 ; 0000 00A8 // Function: Bit6=In Bit5=In Bit4=In Bit3=In Bit2=In Bit1=Out Bit0=Out
                 ; 0000 00A9 DDRC=(0<<DDC6) | (0<<DDC5) | (0<<DDC4) | (0<<DDC3) | (0<<DDC2) | (1<<DDC1) | (1<<DDC0);
0000ee e0e3      	LDI  R30,LOW(3)
0000ef bbe4      	OUT  0x14,R30
                 ; 0000 00AA // State: Bit6=T Bit5=T Bit4=T Bit3=T Bit2=T Bit1=0 Bit0=0
                 ; 0000 00AB PORTC=(0<<PORTC6) | (0<<PORTC5) | (0<<PORTC4) | (0<<PORTC3) | (0<<PORTC2) | (0<<PORTC1) | (0<<PORTC0);
0000f0 e0e0      	LDI  R30,LOW(0)
0000f1 bbe5      	OUT  0x15,R30
                 ; 0000 00AC 
                 ; 0000 00AD // Port D initialization
                 ; 0000 00AE // Function: Bit7=In Bit6=Out Bit5=Out Bit4=Out Bit3=Out Bit2=Out Bit1=Out Bit0=Out
                 ; 0000 00AF DDRD=(0<<DDD7) | (1<<DDD6) | (1<<DDD5) | (1<<DDD4) | (1<<DDD3) | (1<<DDD2) | (1<<DDD1) | (1<<DDD0);
0000f2 e7ef      	LDI  R30,LOW(127)
0000f3 bbe1      	OUT  0x11,R30
                 ; 0000 00B0 // State: Bit7=T Bit6=0 Bit5=0 Bit4=0 Bit3=0 Bit2=0 Bit1=0 Bit0=0
                 ; 0000 00B1 PORTD=(0<<PORTD7) | (0<<PORTD6) | (0<<PORTD5) | (0<<PORTD4) | (0<<PORTD3) | (0<<PORTD2) | (0<<PORTD1) | (0<<PORTD0);
0000f4 e0e0      	LDI  R30,LOW(0)
0000f5 bbe2      	OUT  0x12,R30
                 ; 0000 00B2 
                 ; 0000 00B3 // Timer/Counter 0 initialization
                 ; 0000 00B4 // Clock source: System Clock
                 ; 0000 00B5 // Clock value: 125,000 kHz
                 ; 0000 00B6 TCCR0=(0<<CS02) | (1<<CS01) | (1<<CS00);
0000f6 e0e3      	LDI  R30,LOW(3)
0000f7 bfe3      	OUT  0x33,R30
                 ; 0000 00B7 TCNT0=0xCE;
0000f8 ecee      	LDI  R30,LOW(206)
0000f9 bfe2      	OUT  0x32,R30
                 ; 0000 00B8 
                 ; 0000 00B9 // Timer/Counter 1 initialization
                 ; 0000 00BA // Clock source: System Clock
                 ; 0000 00BB // Clock value: Timer1 Stopped
                 ; 0000 00BC // Mode: Normal top=0xFFFF
                 ; 0000 00BD // OC1A output: Disconnected
                 ; 0000 00BE // OC1B output: Disconnected
                 ; 0000 00BF // Noise Canceler: Off
                 ; 0000 00C0 // Input Capture on Falling Edge
                 ; 0000 00C1 // Timer1 Overflow Interrupt: Off
                 ; 0000 00C2 // Input Capture Interrupt: Off
                 ; 0000 00C3 // Compare A Match Interrupt: Off
                 ; 0000 00C4 // Compare B Match Interrupt: Off
                 ; 0000 00C5 TCCR1A=(0<<COM1A1) | (0<<COM1A0) | (0<<COM1B1) | (0<<COM1B0) | (0<<WGM11) | (0<<WGM10);
0000fa e0e0      	LDI  R30,LOW(0)
0000fb bdef      	OUT  0x2F,R30
                 ; 0000 00C6 TCCR1B=(0<<ICNC1) | (0<<ICES1) | (0<<WGM13) | (0<<WGM12) | (0<<CS12) | (0<<CS11) | (0<<CS10);
0000fc bdee      	OUT  0x2E,R30
                 ; 0000 00C7 TCNT1H=0x00;
0000fd bded      	OUT  0x2D,R30
                 ; 0000 00C8 TCNT1L=0x00;
0000fe bdec      	OUT  0x2C,R30
                 ; 0000 00C9 ICR1H=0x00;
0000ff bde7      	OUT  0x27,R30
                 ; 0000 00CA ICR1L=0x00;
000100 bde6      	OUT  0x26,R30
                 ; 0000 00CB OCR1AH=0x00;
000101 bdeb      	OUT  0x2B,R30
                 ; 0000 00CC OCR1AL=0x00;
000102 bdea      	OUT  0x2A,R30
                 ; 0000 00CD OCR1BH=0x00;
000103 bde9      	OUT  0x29,R30
                 ; 0000 00CE OCR1BL=0x00;
000104 bde8      	OUT  0x28,R30
                 ; 0000 00CF 
                 ; 0000 00D0 // Timer/Counter 2 initialization
                 ; 0000 00D1 // Clock source: System Clock
                 ; 0000 00D2 // Clock value: Timer2 Stopped
                 ; 0000 00D3 // Mode: Normal top=0xFF
                 ; 0000 00D4 // OC2 output: Disconnected
                 ; 0000 00D5 ASSR=0<<AS2;
000105 bde2      	OUT  0x22,R30
                 ; 0000 00D6 TCCR2=(0<<PWM2) | (0<<COM21) | (0<<COM20) | (0<<CTC2) | (0<<CS22) | (0<<CS21) | (0<<CS20);
000106 bde5      	OUT  0x25,R30
                 ; 0000 00D7 TCNT2=0x00;
000107 bde4      	OUT  0x24,R30
                 ; 0000 00D8 OCR2=0x00;
000108 bde3      	OUT  0x23,R30
                 ; 0000 00D9 
                 ; 0000 00DA // Timer(s)/Counter(s) Interrupt(s) initialization
                 ; 0000 00DB TIMSK=(0<<OCIE2) | (0<<TOIE2) | (0<<TICIE1) | (0<<OCIE1A) | (0<<OCIE1B) | (0<<TOIE1) | (1<<TOIE0);
000109 e0e1      	LDI  R30,LOW(1)
00010a bfe9      	OUT  0x39,R30
                 ; 0000 00DC 
                 ; 0000 00DD // External Interrupt(s) initialization
                 ; 0000 00DE // INT0: Off
                 ; 0000 00DF // INT1: Off
                 ; 0000 00E0 MCUCR=(0<<ISC11) | (0<<ISC10) | (0<<ISC01) | (0<<ISC00);
00010b e0e0      	LDI  R30,LOW(0)
00010c bfe5      	OUT  0x35,R30
                 ; 0000 00E1 
                 ; 0000 00E2 // USART initialization
                 ; 0000 00E3 // USART disabled
                 ; 0000 00E4 UCSRB=(0<<RXCIE) | (0<<TXCIE) | (0<<UDRIE) | (0<<RXEN) | (0<<TXEN) | (0<<UCSZ2) | (0<<RXB8) | (0<<TXB8);
00010d b9ea      	OUT  0xA,R30
                 ; 0000 00E5 
                 ; 0000 00E6 // Analog Comparator initialization
                 ; 0000 00E7 // Analog Comparator: Off
                 ; 0000 00E8 // The Analog Comparator's positive input is
                 ; 0000 00E9 // connected to the AIN0 pin
                 ; 0000 00EA // The Analog Comparator's negative input is
                 ; 0000 00EB // connected to the AIN1 pin
                 ; 0000 00EC ACSR=(1<<ACD) | (0<<ACBG) | (0<<ACO) | (0<<ACI) | (0<<ACIE) | (0<<ACIC) | (0<<ACIS1) | (0<<ACIS0);
00010e e8e0      	LDI  R30,LOW(128)
00010f b9e8      	OUT  0x8,R30
                 ; 0000 00ED SFIOR=(0<<ACME);
000110 e0e0      	LDI  R30,LOW(0)
000111 bfe0      	OUT  0x30,R30
                 ; 0000 00EE 
                 ; 0000 00EF // ADC initialization
                 ; 0000 00F0 // ADC disabled
                 ; 0000 00F1 ADCSRA=(0<<ADEN) | (0<<ADSC) | (0<<ADFR) | (0<<ADIF) | (0<<ADIE) | (0<<ADPS2) | (0<<ADPS1) | (0<<ADPS0);
000112 b9e6      	OUT  0x6,R30
                 ; 0000 00F2 
                 ; 0000 00F3 // SPI initialization
                 ; 0000 00F4 // SPI disabled
                 ; 0000 00F5 SPCR=(0<<SPIE) | (0<<SPE) | (0<<DORD) | (0<<MSTR) | (0<<CPOL) | (0<<CPHA) | (0<<SPR1) | (0<<SPR0);
000113 b9ed      	OUT  0xD,R30
                 ; 0000 00F6 
                 ; 0000 00F7 // TWI initialization
                 ; 0000 00F8 // TWI disabled
                 ; 0000 00F9 TWCR=(0<<TWEA) | (0<<TWSTA) | (0<<TWSTO) | (0<<TWEN) | (0<<TWIE);
000114 bfe6      	OUT  0x36,R30
                 ; 0000 00FA 
                 ; 0000 00FB // Bit-Banged I2C Bus initialization
                 ; 0000 00FC // I2C Port: PORTC
                 ; 0000 00FD // I2C SDA bit: 0
                 ; 0000 00FE // I2C SCL bit: 1
                 ; 0000 00FF // Bit Rate: 100 kHz
                 ; 0000 0100 // Note: I2C settings are specified in the
                 ; 0000 0101 // Project|Configure|C Compiler|Libraries|I2C menu.
                 ; 0000 0102 i2c_init();
000115 d13a      	RCALL _i2c_init
                 ; 0000 0103 
                 ; 0000 0104 // Alphanumeric LCD initialization
                 ; 0000 0105 // Connections are specified in the
                 ; 0000 0106 // Project|Configure|C Compiler|Libraries|Alphanumeric LCD menu:
                 ; 0000 0107 // RS - PORTD Bit 0
                 ; 0000 0108 // RD - PORTD Bit 1
                 ; 0000 0109 // EN - PORTD Bit 2
                 ; 0000 010A // D4 - PORTD Bit 4
                 ; 0000 010B // D5 - PORTD Bit 5
                 ; 0000 010C // D6 - PORTD Bit 6
                 ; 0000 010D // D7 - PORTD Bit 7
                 ; 0000 010E // Characters/line: 16
                 ; 0000 010F lcd_init(16);
000116 e1a0      	LDI  R26,LOW(16)
000117 d0e4      	RCALL _lcd_init
                 ; 0000 0110 
                 ; 0000 0111 // Globally enable interrupts
                 ; 0000 0112 #asm("sei")
000118 9478      	sei
                 ; 0000 0113 
                 ; 0000 0114 
                 ; 0000 0115 while (1)
                 _0x17:
                 ; 0000 0116       {
                 ; 0000 0117       // Place your code here
                 ; 0000 0118       if (Vol != OldVol) {
000119 147a      	CP   R7,R10
00011a f011      	BREQ _0x1A
                 ; 0000 0119           LcdOut();
00011b dfb4      	RCALL _LcdOut
                 ; 0000 011A           OldVol = Vol;
00011c 2c7a      	MOV  R7,R10
                 ; 0000 011B         };
                 _0x1A:
                 ; 0000 011C       if(~PINB.2)
00011d 99b2      	SBIC 0x16,2
00011e c014      	RJMP _0x1B
                 ; 0000 011D           {
                 ; 0000 011E               delay_ms(10);
00011f d119      	RCALL SUBOPT_0x2
                 ; 0000 011F               if((~PINB.2)&(~OldBtnW))
000120 e0a0      	LDI  R26,0
000121 9bb2      	SBIS 0x16,2
000122 e0a1      	LDI  R26,1
000123 2de8      	MOV  R30,R8
000124 95e0      	COM  R30
000125 23ea      	AND  R30,R26
000126 f059      	BREQ _0x1C
                 ; 0000 0120                 {
                 ; 0000 0121                     write_eep(0x12,Vol);
000127 e1e2      	LDI  R30,LOW(18)
000128 93ea      	ST   -Y,R30
000129 2daa      	MOV  R26,R10
00012a dfb8      	RCALL _write_eep
                 ; 0000 0122                     lcd_clear();
00012b d110      	RCALL SUBOPT_0x3
                 ; 0000 0123                     lcd_gotoxy(0, 1);
                 ; 0000 0124                     lcd_puts("Write num = ");
                +
00012c e6a0     +LDI R26 , LOW ( _0x1D + ( 0 ) )
00012d e0b1     +LDI R27 , HIGH ( _0x1D + ( 0 ) )
                 	__POINTW2MN _0x1D,0
00012e d0ab      	RCALL _lcd_puts
                 ; 0000 0125                     itoa(Vol,Duty);
00012f d0f8      	RCALL SUBOPT_0x0
                 ; 0000 0126                     lcd_puts(Duty);
                 ; 0000 0127                     OldBtnW=1;
000130 e0e1      	LDI  R30,LOW(1)
000131 2e8e      	MOV  R8,R30
                 ; 0000 0128 
                 ; 0000 0129                 };
                 _0x1C:
                 ; 0000 012A            }else
000132 c001      	RJMP _0x1E
                 _0x1B:
                 ; 0000 012B                {
                 ; 0000 012C                     OldBtnW=0;
000133 2488      	CLR  R8
                 ; 0000 012D                };
                 _0x1E:
                 ; 0000 012E       if(~PINB.3)
000134 99b3      	SBIC 0x16,3
000135 c01a      	RJMP _0x1F
                 ; 0000 012F           {
                 ; 0000 0130               delay_ms(10);
000136 d102      	RCALL SUBOPT_0x2
                 ; 0000 0131               if((~PINB.3)&(~OldBtnR))
000137 e0a0      	LDI  R26,0
000138 9bb3      	SBIS 0x16,3
000139 e0a1      	LDI  R26,1
00013a 2deb      	MOV  R30,R11
00013b 95e0      	COM  R30
00013c 23ea      	AND  R30,R26
00013d f089      	BREQ _0x20
                 ; 0000 0132                 {
                 ; 0000 0133                     lcd_clear();
00013e d0fd      	RCALL SUBOPT_0x3
                 ; 0000 0134                     lcd_gotoxy(0, 1);
                 ; 0000 0135                     lcd_puts("Read num = ");
                +
00013f e6ad     +LDI R26 , LOW ( _0x1D + ( 13 ) )
000140 e0b1     +LDI R27 , HIGH ( _0x1D + ( 13 ) )
                 	__POINTW2MN _0x1D,13
000141 d098      	RCALL _lcd_puts
                 ; 0000 0136                     itoa(read_eep(0x12),Duty);
000142 e1a2      	LDI  R26,LOW(18)
000143 df92      	RCALL _read_eep
000144 e0f0      	LDI  R31,0
000145 93fa      	ST   -Y,R31
000146 93ea      	ST   -Y,R30
000147 e7a9      	LDI  R26,LOW(_Duty)
000148 e0b1      	LDI  R27,HIGH(_Duty)
000149 d009      	RCALL _itoa
                 ; 0000 0137                     lcd_puts(Duty);
00014a e7a9      	LDI  R26,LOW(_Duty)
00014b e0b1      	LDI  R27,HIGH(_Duty)
00014c d08d      	RCALL _lcd_puts
                 ; 0000 0138                     OldBtnR=1;
00014d e0e1      	LDI  R30,LOW(1)
00014e 2ebe      	MOV  R11,R30
                 ; 0000 0139                 };
                 _0x20:
                 ; 0000 013A           }else
00014f c001      	RJMP _0x21
                 _0x1F:
                 ; 0000 013B             {
                 ; 0000 013C                OldBtnR=0;
000150 24bb      	CLR  R11
                 ; 0000 013D             };
                 _0x21:
                 ; 0000 013E 
                 ; 0000 013F       }
000151 cfc7      	RJMP _0x17
                 ; 0000 0140 }
                 _0x22:
000152 cfff      	RJMP _0x22
                 ; .FEND
                 
                 	.DSEG
                 _0x1D:
000160           	.BYTE 0x19
                 
                 	.CSEG
                 _itoa:
                 ; .FSTART _itoa
000153 93ba      	ST   -Y,R27
000154 93aa      	ST   -Y,R26
000155 91a9          ld   r26,y+
000156 91b9          ld   r27,y+
000157 91e9          ld   r30,y+
000158 91f9          ld   r31,y+
000159 9630          adiw r30,0
00015a f42a          brpl __itoa0
00015b 95e0          com  r30
00015c 95f0          com  r31
00015d 9631          adiw r30,1
00015e e26d          ldi  r22,'-'
00015f 936d          st   x+,r22
                 __itoa0:
000160 94e8          clt
000161 e180          ldi  r24,low(10000)
000162 e297          ldi  r25,high(10000)
000163 d00d          rcall __itoa1
000164 ee88          ldi  r24,low(1000)
000165 e093          ldi  r25,high(1000)
000166 d00a          rcall __itoa1
000167 e684          ldi  r24,100
000168 2799          clr  r25
000169 d007          rcall __itoa1
00016a e08a          ldi  r24,10
00016b d005          rcall __itoa1
00016c 2f6e          mov  r22,r30
00016d d010          rcall __itoa5
00016e 2766          clr  r22
00016f 936c          st   x,r22
000170 9508          ret
                 
                 __itoa1:
000171 2766          clr	 r22
                 __itoa2:
000172 17e8          cp   r30,r24
000173 07f9          cpc  r31,r25
000174 f020          brlo __itoa3
000175 9563          inc  r22
000176 1be8          sub  r30,r24
000177 0bf9          sbc  r31,r25
000178 f7c9          brne __itoa2
                 __itoa3:
000179 2366          tst  r22
00017a f411          brne __itoa4
00017b f016          brts __itoa5
00017c 9508          ret
                 __itoa4:
00017d 9468          set
                 __itoa5:
00017e 5d60          subi r22,-0x30
00017f 936d          st   x+,r22
000180 9508          ret
                 ; .FEND
                 
                 	.DSEG
                 
                 	.CSEG
                 	#ifndef __SLEEP_DEFINED__
                 	#endif
                 
                 	.DSEG
                 
                 	.CSEG
                 __lcd_write_nibble_G101:
                 ; .FSTART __lcd_write_nibble_G101
000181 93aa      	ST   -Y,R26
000182 81e8      	LD   R30,Y
000183 71e0      	ANDI R30,LOW(0x10)
000184 f011      	BREQ _0x2020004
000185 9a93      	SBI  0x12,3
000186 c001      	RJMP _0x2020005
                 _0x2020004:
000187 9893      	CBI  0x12,3
                 _0x2020005:
000188 81e8      	LD   R30,Y
000189 72e0      	ANDI R30,LOW(0x20)
00018a f011      	BREQ _0x2020006
00018b 9a94      	SBI  0x12,4
00018c c001      	RJMP _0x2020007
                 _0x2020006:
00018d 9894      	CBI  0x12,4
                 _0x2020007:
00018e 81e8      	LD   R30,Y
00018f 74e0      	ANDI R30,LOW(0x40)
000190 f011      	BREQ _0x2020008
000191 9a95      	SBI  0x12,5
000192 c001      	RJMP _0x2020009
                 _0x2020008:
000193 9895      	CBI  0x12,5
                 _0x2020009:
000194 81e8      	LD   R30,Y
000195 78e0      	ANDI R30,LOW(0x80)
000196 f011      	BREQ _0x202000A
000197 9a96      	SBI  0x12,6
000198 c001      	RJMP _0x202000B
                 _0x202000A:
000199 9896      	CBI  0x12,6
                 _0x202000B:
00019a d0a6      	RCALL SUBOPT_0x4
00019b 9a92      	SBI  0x12,2
00019c d0a4      	RCALL SUBOPT_0x4
00019d 9892      	CBI  0x12,2
00019e d0a2      	RCALL SUBOPT_0x4
00019f c086      	RJMP _0x20A0001
                 ; .FEND
                 __lcd_write_data:
                 ; .FSTART __lcd_write_data
0001a0 93aa      	ST   -Y,R26
0001a1 81a8      	LD   R26,Y
0001a2 dfde      	RCALL __lcd_write_nibble_G101
0001a3 81e8          ld    r30,y
0001a4 95e2          swap  r30
0001a5 83e8          st    y,r30
0001a6 81a8      	LD   R26,Y
0001a7 dfd9      	RCALL __lcd_write_nibble_G101
                +
0001a8 e885     +LDI R24 , LOW ( 133 )
                +__DELAY_USB_LOOP :
0001a9 958a     +DEC R24
0001aa f7f1     +BRNE __DELAY_USB_LOOP
                 	__DELAY_USB 133
0001ab c07a      	RJMP _0x20A0001
                 ; .FEND
                 _lcd_gotoxy:
                 ; .FSTART _lcd_gotoxy
0001ac 93aa      	ST   -Y,R26
0001ad 81e8      	LD   R30,Y
0001ae e0f0      	LDI  R31,0
0001af 58e2      	SUBI R30,LOW(-__base_y_G101)
0001b0 4ffe      	SBCI R31,HIGH(-__base_y_G101)
0001b1 81e0      	LD   R30,Z
0001b2 81a9      	LDD  R26,Y+1
0001b3 0fae      	ADD  R26,R30
0001b4 dfeb      	RCALL __lcd_write_data
0001b5 80d9      	LDD  R13,Y+1
0001b6 80c8      	LDD  R12,Y+0
                 _0x20A0003:
0001b7 9622      	ADIW R28,2
0001b8 9508      	RET
                 ; .FEND
                 _lcd_clear:
                 ; .FSTART _lcd_clear
0001b9 e0a2      	LDI  R26,LOW(2)
0001ba d08a      	RCALL SUBOPT_0x5
0001bb e0ac      	LDI  R26,LOW(12)
0001bc dfe3      	RCALL __lcd_write_data
0001bd e0a1      	LDI  R26,LOW(1)
0001be d086      	RCALL SUBOPT_0x5
0001bf e0e0      	LDI  R30,LOW(0)
0001c0 2ece      	MOV  R12,R30
0001c1 2ede      	MOV  R13,R30
0001c2 9508      	RET
                 ; .FEND
                 _lcd_putchar:
                 ; .FSTART _lcd_putchar
0001c3 93aa      	ST   -Y,R26
0001c4 81a8      	LD   R26,Y
0001c5 30aa      	CPI  R26,LOW(0xA)
0001c6 f021      	BREQ _0x2020011
0001c7 91e0 0182 	LDS  R30,__lcd_maxx
0001c9 16de      	CP   R13,R30
0001ca f048      	BRLO _0x2020010
                 _0x2020011:
0001cb e0e0      	LDI  R30,LOW(0)
0001cc 93ea      	ST   -Y,R30
0001cd 94c3      	INC  R12
0001ce 2dac      	MOV  R26,R12
0001cf dfdc      	RCALL _lcd_gotoxy
0001d0 81a8      	LD   R26,Y
0001d1 30aa      	CPI  R26,LOW(0xA)
0001d2 f409      	BRNE _0x2020013
0001d3 c052      	RJMP _0x20A0001
                 _0x2020013:
                 _0x2020010:
0001d4 94d3      	INC  R13
0001d5 9a90      	SBI  0x12,0
0001d6 81a8      	LD   R26,Y
0001d7 dfc8      	RCALL __lcd_write_data
0001d8 9890      	CBI  0x12,0
0001d9 c04c      	RJMP _0x20A0001
                 ; .FEND
                 _lcd_puts:
                 ; .FSTART _lcd_puts
0001da 93ba      	ST   -Y,R27
0001db 93aa      	ST   -Y,R26
0001dc 931a      	ST   -Y,R17
                 _0x2020014:
0001dd 81a9      	LDD  R26,Y+1
0001de 81ba      	LDD  R27,Y+1+1
0001df 91ed      	LD   R30,X+
0001e0 83a9      	STD  Y+1,R26
0001e1 83ba      	STD  Y+1+1,R27
0001e2 2f1e      	MOV  R17,R30
0001e3 30e0      	CPI  R30,0
0001e4 f019      	BREQ _0x2020016
0001e5 2fa1      	MOV  R26,R17
0001e6 dfdc      	RCALL _lcd_putchar
0001e7 cff5      	RJMP _0x2020014
                 _0x2020016:
0001e8 c010      	RJMP _0x20A0002
                 ; .FEND
                 _lcd_putsf:
                 ; .FSTART _lcd_putsf
0001e9 93ba      	ST   -Y,R27
0001ea 93aa      	ST   -Y,R26
0001eb 931a      	ST   -Y,R17
                 _0x2020017:
0001ec 81e9      	LDD  R30,Y+1
0001ed 81fa      	LDD  R31,Y+1+1
0001ee 9631      	ADIW R30,1
0001ef 83e9      	STD  Y+1,R30
0001f0 83fa      	STD  Y+1+1,R31
0001f1 9731      	SBIW R30,1
0001f2 91e4      	LPM  R30,Z
0001f3 2f1e      	MOV  R17,R30
0001f4 30e0      	CPI  R30,0
0001f5 f019      	BREQ _0x2020019
0001f6 2fa1      	MOV  R26,R17
0001f7 dfcb      	RCALL _lcd_putchar
0001f8 cff3      	RJMP _0x2020017
                 _0x2020019:
                 _0x20A0002:
0001f9 8118      	LDD  R17,Y+0
0001fa 9623      	ADIW R28,3
0001fb 9508      	RET
                 ; .FEND
                 _lcd_init:
                 ; .FSTART _lcd_init
0001fc 93aa      	ST   -Y,R26
0001fd 9a8b      	SBI  0x11,3
0001fe 9a8c      	SBI  0x11,4
0001ff 9a8d      	SBI  0x11,5
000200 9a8e      	SBI  0x11,6
000201 9a8a      	SBI  0x11,2
000202 9a88      	SBI  0x11,0
000203 9a89      	SBI  0x11,1
000204 9892      	CBI  0x12,2
000205 9890      	CBI  0x12,0
000206 9891      	CBI  0x12,1
000207 81e8      	LD   R30,Y
000208 93e0 0182 	STS  __lcd_maxx,R30
00020a 58e0      	SUBI R30,-LOW(128)
                +
00020b 93e0 0180+STS __base_y_G101 + ( 2 ) , R30
                 	__PUTB1MN __base_y_G101,2
00020d 81e8      	LD   R30,Y
00020e 54e0      	SUBI R30,-LOW(192)
                +
00020f 93e0 0181+STS __base_y_G101 + ( 3 ) , R30
                 	__PUTB1MN __base_y_G101,3
000211 e1a4      	LDI  R26,LOW(20)
000212 e0b0      	LDI  R27,0
000213 d08d      	RCALL _delay_ms
000214 d034      	RCALL SUBOPT_0x6
000215 d033      	RCALL SUBOPT_0x6
000216 d032      	RCALL SUBOPT_0x6
000217 e2a0      	LDI  R26,LOW(32)
000218 df68      	RCALL __lcd_write_nibble_G101
                +
000219 ec88     +LDI R24 , LOW ( 200 )
00021a e090     +LDI R25 , HIGH ( 200 )
                +__DELAY_USW_LOOP :
00021b 9701     +SBIW R24 , 1
00021c f7f1     +BRNE __DELAY_USW_LOOP
                 	__DELAY_USW 200
00021d e2a8      	LDI  R26,LOW(40)
00021e df81      	RCALL __lcd_write_data
00021f e0a4      	LDI  R26,LOW(4)
000220 df7f      	RCALL __lcd_write_data
000221 e8a5      	LDI  R26,LOW(133)
000222 df7d      	RCALL __lcd_write_data
000223 e0a6      	LDI  R26,LOW(6)
000224 df7b      	RCALL __lcd_write_data
000225 df93      	RCALL _lcd_clear
                 _0x20A0001:
000226 9621      	ADIW R28,1
000227 9508      	RET
                 ; .FEND
                 
                 	.CSEG
                 
                 	.CSEG
                 
                 	.CSEG
                 
                 	.DSEG
                 _Duty:
000179           	.BYTE 0x1
                 __seed_G100:
00017a           	.BYTE 0x4
                 __base_y_G101:
00017e           	.BYTE 0x4
                 __lcd_maxx:
000182           	.BYTE 0x1
                 
                 	.CSEG
                 ;OPTIMIZER ADDED SUBROUTINE, CALLED 2 TIMES, CODE SIZE REDUCTION:7 WORDS
                 SUBOPT_0x0:
000228 2dea      	MOV  R30,R10
000229 e0f0      	LDI  R31,0
00022a 93fa      	ST   -Y,R31
00022b 93ea      	ST   -Y,R30
00022c e7a9      	LDI  R26,LOW(_Duty)
00022d e0b1      	LDI  R27,HIGH(_Duty)
00022e df24      	RCALL _itoa
00022f e7a9      	LDI  R26,LOW(_Duty)
000230 e0b1      	LDI  R27,HIGH(_Duty)
000231 cfa8      	RJMP _lcd_puts
                 
                 ;OPTIMIZER ADDED SUBROUTINE, CALLED 2 TIMES, CODE SIZE REDUCTION:4 WORDS
                 SUBOPT_0x1:
000232 d022      	RCALL _i2c_start
000233 eaa0      	LDI  R26,LOW(160)
000234 d054      	RCALL _i2c_write
000235 e0a0      	LDI  R26,LOW(0)
000236 d052      	RCALL _i2c_write
000237 81a9      	LDD  R26,Y+1
000238 c050      	RJMP _i2c_write
                 
                 ;OPTIMIZER ADDED SUBROUTINE, CALLED 3 TIMES, CODE SIZE REDUCTION:2 WORDS
                 SUBOPT_0x2:
000239 e0aa      	LDI  R26,LOW(10)
00023a e0b0      	LDI  R27,0
00023b c065      	RJMP _delay_ms
                 
                 ;OPTIMIZER ADDED SUBROUTINE, CALLED 2 TIMES, CODE SIZE REDUCTION:2 WORDS
                 SUBOPT_0x3:
00023c df7c      	RCALL _lcd_clear
00023d e0e0      	LDI  R30,LOW(0)
00023e 93ea      	ST   -Y,R30
00023f e0a1      	LDI  R26,LOW(1)
000240 cf6b      	RJMP _lcd_gotoxy
                 
                 ;OPTIMIZER ADDED SUBROUTINE, CALLED 3 TIMES, CODE SIZE REDUCTION:2 WORDS
                 SUBOPT_0x4:
                +
000241 e08d     +LDI R24 , LOW ( 13 )
                +__DELAY_USB_LOOP :
000242 958a     +DEC R24
000243 f7f1     +BRNE __DELAY_USB_LOOP
                 	__DELAY_USB 13
000244 9508      	RET
                 
                 ;OPTIMIZER ADDED SUBROUTINE, CALLED 2 TIMES, CODE SIZE REDUCTION:1 WORDS
                 SUBOPT_0x5:
000245 df5a      	RCALL __lcd_write_data
000246 e0a3      	LDI  R26,LOW(3)
000247 e0b0      	LDI  R27,0
000248 c058      	RJMP _delay_ms
                 
                 ;OPTIMIZER ADDED SUBROUTINE, CALLED 3 TIMES, CODE SIZE REDUCTION:8 WORDS
                 SUBOPT_0x6:
000249 e3a0      	LDI  R26,LOW(48)
00024a df36      	RCALL __lcd_write_nibble_G101
                +
00024b ec88     +LDI R24 , LOW ( 200 )
00024c e090     +LDI R25 , HIGH ( 200 )
                +__DELAY_USW_LOOP :
00024d 9701     +SBIW R24 , 1
00024e f7f1     +BRNE __DELAY_USW_LOOP
                 	__DELAY_USW 200
00024f 9508      	RET
                 
                 
                 	.CSEG
                 	.equ __sda_bit=0
                 	.equ __scl_bit=1
                 	.equ __i2c_port=0x15 ;PORTC
                 	.equ __i2c_dir=__i2c_port-1
                 	.equ __i2c_pin=__i2c_port-2
                 
                 _i2c_init:
000250 98a9      	cbi  __i2c_port,__scl_bit
000251 98a8      	cbi  __i2c_port,__sda_bit
000252 9aa1      	sbi  __i2c_dir,__scl_bit
000253 98a0      	cbi  __i2c_dir,__sda_bit
000254 c015      	rjmp __i2c_delay2
                 _i2c_start:
000255 98a0      	cbi  __i2c_dir,__sda_bit
000256 98a1      	cbi  __i2c_dir,__scl_bit
000257 27ee      	clr  r30
000258 0000      	nop
000259 9b98      	sbis __i2c_pin,__sda_bit
00025a 9508      	ret
00025b 9b99      	sbis __i2c_pin,__scl_bit
00025c 9508      	ret
00025d d004      	rcall __i2c_delay1
00025e 9aa0      	sbi  __i2c_dir,__sda_bit
00025f d002      	rcall __i2c_delay1
000260 9aa1      	sbi  __i2c_dir,__scl_bit
000261 e0e1      	ldi  r30,1
                 __i2c_delay1:
000262 e06d      	ldi  r22,13
000263 c007      	rjmp __i2c_delay2l
                 _i2c_stop:
000264 9aa0      	sbi  __i2c_dir,__sda_bit
000265 9aa1      	sbi  __i2c_dir,__scl_bit
000266 d003      	rcall __i2c_delay2
000267 98a1      	cbi  __i2c_dir,__scl_bit
000268 dff9      	rcall __i2c_delay1
000269 98a0      	cbi  __i2c_dir,__sda_bit
                 __i2c_delay2:
00026a e16b      	ldi  r22,27
                 __i2c_delay2l:
00026b 956a      	dec  r22
00026c f7f1      	brne __i2c_delay2l
00026d 9508      	ret
                 _i2c_read:
00026e e078      	ldi  r23,8
                 __i2c_read0:
00026f 98a1      	cbi  __i2c_dir,__scl_bit
000270 dff1      	rcall __i2c_delay1
                 __i2c_read3:
000271 9b99      	sbis __i2c_pin,__scl_bit
000272 cffe      	rjmp __i2c_read3
000273 dfee      	rcall __i2c_delay1
000274 9488      	clc
000275 9998      	sbic __i2c_pin,__sda_bit
000276 9408      	sec
000277 9aa1      	sbi  __i2c_dir,__scl_bit
000278 dff1      	rcall __i2c_delay2
000279 1fee      	rol  r30
00027a 957a      	dec  r23
00027b f799      	brne __i2c_read0
00027c 2f7a      	mov  r23,r26
00027d 2377      	tst  r23
00027e f411      	brne __i2c_read1
00027f 98a0      	cbi  __i2c_dir,__sda_bit
000280 c001      	rjmp __i2c_read2
                 __i2c_read1:
000281 9aa0      	sbi  __i2c_dir,__sda_bit
                 __i2c_read2:
000282 dfdf      	rcall __i2c_delay1
000283 98a1      	cbi  __i2c_dir,__scl_bit
000284 dfe5      	rcall __i2c_delay2
000285 9aa1      	sbi  __i2c_dir,__scl_bit
000286 dfdb      	rcall __i2c_delay1
000287 98a0      	cbi  __i2c_dir,__sda_bit
000288 cfd9      	rjmp __i2c_delay1
                 
                 _i2c_write:
000289 e078      	ldi  r23,8
                 __i2c_write0:
00028a 0faa      	lsl  r26
00028b f410      	brcc __i2c_write1
00028c 98a0      	cbi  __i2c_dir,__sda_bit
00028d c001      	rjmp __i2c_write2
                 __i2c_write1:
00028e 9aa0      	sbi  __i2c_dir,__sda_bit
                 __i2c_write2:
00028f dfda      	rcall __i2c_delay2
000290 98a1      	cbi  __i2c_dir,__scl_bit
000291 dfd0      	rcall __i2c_delay1
                 __i2c_write3:
000292 9b99      	sbis __i2c_pin,__scl_bit
000293 cffe      	rjmp __i2c_write3
000294 dfcd      	rcall __i2c_delay1
000295 9aa1      	sbi  __i2c_dir,__scl_bit
000296 957a      	dec  r23
000297 f791      	brne __i2c_write0
000298 98a0      	cbi  __i2c_dir,__sda_bit
000299 dfc8      	rcall __i2c_delay1
00029a 98a1      	cbi  __i2c_dir,__scl_bit
00029b dfce      	rcall __i2c_delay2
00029c e0e1      	ldi  r30,1
00029d 9998      	sbic __i2c_pin,__sda_bit
00029e 27ee      	clr  r30
00029f 9aa1      	sbi  __i2c_dir,__scl_bit
0002a0 cfc1      	rjmp __i2c_delay1
                 
                 _delay_ms:
0002a1 9610      	adiw r26,0
0002a2 f039      	breq __delay_ms1
                 __delay_ms0:
                +
0002a3 ed80     +LDI R24 , LOW ( 0x7D0 )
0002a4 e097     +LDI R25 , HIGH ( 0x7D0 )
                +__DELAY_USW_LOOP :
0002a5 9701     +SBIW R24 , 1
0002a6 f7f1     +BRNE __DELAY_USW_LOOP
                 	__DELAY_USW 0x7D0
0002a7 95a8      	wdr
0002a8 9711      	sbiw r26,1
0002a9 f7c9      	brne __delay_ms0
                 __delay_ms1:
0002aa 9508      	ret
                 
                 ;END OF CODE MARKER
                 __END_OF_CODE:


RESOURCE USE INFORMATION
------------------------

Notice:
The register and instruction counts are symbol table hit counts,
and hence implicitly used resources are not counted, eg, the
'lpm' instruction without operands implicitly uses r0 and z,
none of which are counted.

x,y,z are separate entities in the symbol table and are
counted separately from r26..r31 here.

.dseg memory usage only counts static data declared with .byte

ATmega8 register use summary:
r0 :   6 r1 :   3 r2 :   0 r3 :   0 r4 :   3 r5 :  11 r6 :   6 r7 :   2 
r8 :   3 r9 :   6 r10:   8 r11:   3 r12:   4 r13:   4 r14:   0 r15:   2 
r16:   0 r17:  11 r18:   0 r19:   0 r20:   0 r21:   0 r22:  17 r23:   8 
r24:  25 r25:  12 r26:  75 r27:  20 r28:   4 r29:   1 r30: 162 r31:  21 
x  :   7 y  :  80 z  :   9 
Registers used: 27 out of 35 (77.1%)

ATmega8 instruction use summary:
.lds  :   0 .lds.l:   0 .sts  :   0 .sts.l:   0 adc   :   0 add   :   1 
adiw  :   7 and   :   2 andi  :   5 asr   :   0 bclr  :   0 bld   :   0 
brbc  :   0 brbs  :   0 brcc  :   1 brcs  :   0 break :   0 breq  :  12 
brge  :   0 brhc  :   0 brhs  :   0 brid  :   0 brie  :   0 brlo  :   4 
brlt  :   0 brmi  :   0 brne  :  29 brpl  :   1 brsh  :   1 brtc  :   0 
brts  :   1 brvc  :   0 brvs  :   0 bset  :   0 bst   :   0 cbi   :  24 
cbr   :   0 clc   :   1 clh   :   0 cli   :   1 cln   :   0 clr   :  11 
cls   :   0 clt   :   1 clv   :   0 clz   :   0 com   :   4 cp    :  13 
cpc   :   4 cpi   :   7 cpse  :   0 dec   :   7 des   :   0 eor   :   0 
fmul  :   0 fmuls :   0 fmulsu:   0 icall :   0 ijmp  :   0 in    :   2 
inc   :  12 ld    :  32 ldd   :  10 ldi   : 109 lds   :   1 lpm   :   9 
lsl   :   1 lsr   :   0 mov   :  22 movw  :   3 mul   :   0 muls  :   0 
mulsu :   0 neg   :   0 nop   :   1 or    :   0 ori   :   0 out   :  38 
pop   :   0 push  :   0 rcall :  77 ret   :  15 reti  :   1 rjmp  :  57 
rol   :   1 ror   :   0 sbc   :   1 sbci  :   1 sbi   :  24 sbic  :   4 
sbis  :   6 sbiw  :   9 sbr   :   0 sbrc  :   0 sbrs  :   0 sec   :   1 
seh   :   0 sei   :   1 sen   :   0 ser   :   0 ses   :   0 set   :   1 
sev   :   0 sez   :   0 sleep :   0 spm   :   0 st    :  42 std   :   4 
sts   :   3 sub   :   1 subi  :   4 swap  :   1 tst   :   4 wdr   :   1 

Instructions used: 55 out of 114 (48.2%)

ATmega8 memory use summary [bytes]:
Segment   Begin    End      Code   Data   Used    Size   Use%
---------------------------------------------------------------
[.cseg] 0x000000 0x000556   1278     88   1366    8192  16.7%
[.dseg] 0x000060 0x000183      0     35     35    1024   3.4%
[.eseg] 0x000000 0x000000      0      0      0     512   0.0%

Assembly complete, 0 errors, 14 warnings
