RAM Allocation [bytes]
Variable                                                                          Address   Size
------------------------------------------------------------------------------------------------
glcd_state                                                                        0x016F      29
rx_data                                                                           0x018C       4
gfx_addr                                                                          0x0190       2
gfx_buffer                                                                        0x0192     504
_seed                                                                             0x038A       4

EEPROM Allocation [bytes]
Variable                                                                          Address   Size
------------------------------------------------------------------------------------------------

Register Allocation
Variable                                                                          Register  Size
------------------------------------------------------------------------------------------------
rx_count                                                                          R5           1
FRT                                                                               R4           1

FLASH Allocation [words]
Function                                                                          Address   Size
------------------------------------------------------------------------------------------------
USART_Transmit                                                                    0x002AB      6
UART_send_st                                                                      0x002CA     13
LCD_Out                                                                           0x002D7     18
main                                                                              0x002E9     85
pcd8544_delay_G100                                                                0x0033E      1
pcd8544_wrbus_G100                                                                0x0033F     22
pcd8544_wrcmd                                                                     0x00355      5
pcd8544_wrdata_G100                                                               0x0035A      5
pcd8544_setaddr_G100                                                              0x0035F     17
pcd8544_gotoxy                                                                    0x00370     11
pcd8544_rdbyte                                                                    0x0037B     12
pcd8544_wrbyte                                                                    0x00387      6
glcd_init                                                                         0x0038D    103
glcd_display                                                                      0x003F4     10
glcd_clear                                                                        0x003FE     27
pcd8544_wrmasked_G100                                                             0x00419     55
glcd_block                                                                        0x00450    411
glcd_clipx                                                                        0x005EB     17
glcd_clipy                                                                        0x005FC     15
glcd_getcharw_G101                                                                0x0060B     94
glcd_new_line_G101                                                                0x00669     15
glcd_putchar                                                                      0x00678     82
glcd_outtextf                                                                     0x006CA     17
glcd_moveto                                                                       0x006DB     12
memset                                                                            0x006E7     15
glcd_getmask                                                                      0x006F6     10
glcd_mappixcolor1bit                                                              0x00700     39
glcd_readmem                                                                      0x00727     26
glcd_writemem                                                                     0x00741     29
