RAM Allocation [bytes]
Variable                                                                          Address   Size
------------------------------------------------------------------------------------------------
glcd_state                                                                        0x0160      29
gfx_addr                                                                          0x017D       2
gfx_buffer                                                                        0x017F     504
_seed                                                                             0x0377       4

EEPROM Allocation [bytes]
Variable                                                                          Address   Size
------------------------------------------------------------------------------------------------

Register Allocation
Variable                                                                          Register  Size
------------------------------------------------------------------------------------------------
rx_count                                                                          R5           1
tx_rd_index                                                                       R4           1
tx_counter                                                                        R7           1

FLASH Allocation [words]
Function                                                                          Address   Size
------------------------------------------------------------------------------------------------
main                                                                              0x00296     71
pcd8544_delay_G100                                                                0x002DD      1
pcd8544_wrbus_G100                                                                0x002DE     22
pcd8544_wrcmd                                                                     0x002F4      5
pcd8544_wrdata_G100                                                               0x002F9      5
pcd8544_setaddr_G100                                                              0x002FE     17
pcd8544_gotoxy                                                                    0x0030F     11
pcd8544_rdbyte                                                                    0x0031A     12
pcd8544_wrbyte                                                                    0x00326      6
glcd_init                                                                         0x0032C    103
glcd_display                                                                      0x00393     10
glcd_clear                                                                        0x0039D     27
pcd8544_wrmasked_G100                                                             0x003B8     55
glcd_block                                                                        0x003EF    411
glcd_clipx                                                                        0x0058A     15
glcd_clipy                                                                        0x00599     13
glcd_getcharw_G101                                                                0x005A6     94
glcd_new_line_G101                                                                0x00604     15
glcd_putchar                                                                      0x00613     82
glcd_outtextf                                                                     0x00665     17
glcd_moveto                                                                       0x00676     12
memset                                                                            0x00682     15
glcd_getmask                                                                      0x00691     10
glcd_mappixcolor1bit                                                              0x0069B     39
glcd_readmem                                                                      0x006C2     26
glcd_writemem                                                                     0x006DC     29
